Collapsed blank lines in book\1022.2025.book.md
Collapsed blank lines in chapter\第1篇-大数据测试基础.md
Collapsed blank lines in chapter\第1篇-第1章-大数据测试概述.md
Collapsed blank lines in chapter\第1篇-第2章-大数据技术生态与架构.md
Collapsed blank lines in chapter\第1篇-第3章-大数据测试环境搭建【入门】.md
Collapsed blank lines in chapter\第1篇-第4章-大数据测试数据管理【入门】.md
Collapsed blank lines in chapter\第2篇-大数据测试方法与技术【进阶】.md
Collapsed blank lines in chapter\第2篇-第3章-数据采集测试【进阶】.md
Collapsed blank lines in chapter\第2篇-第4章-数据存储测试【进阶】.md
Collapsed blank lines in chapter\第2篇-第5章-数据处理测试【进阶】.md
Collapsed blank lines in chapter\第2篇-第6章-数据质量管理与测试【进阶】.md
Collapsed blank lines in chapter\第2篇-第7章-大数据安全测试【进阶】.md
Collapsed blank lines in chapter\第2篇-第8章-数据分析测试【进阶】.md
Collapsed blank lines in chapter\第3篇-大数据测试环境与数据管理【入门_进阶】.md
Collapsed blank lines in chapter\第3篇-第10章-大数据测试数据管理【进阶】.md
Collapsed blank lines in chapter\第3篇-第9章-大数据测试环境搭建【入门】.md
Collapsed blank lines in chapter\第4篇-大数据测试自动化与工具【进阶】.md
Collapsed blank lines in chapter\第4篇-第11章-大数据测试自动化基础【进阶】.md
Collapsed blank lines in chapter\第4篇-第12章-大数据测试工具详解【进阶】.md
Collapsed blank lines in chapter\第4篇-第13章-大数据系统可观测性与监控测试【进阶】.md
Collapsed blank lines in chapter\第5篇-大数据测试实战与案例分析【专家】.md
Collapsed blank lines in chapter\第5篇-第14章-大数据测试案例设计【进阶】.md
Collapsed blank lines in chapter\第5篇-第15章-大数据行业应用测试【进阶】.md
Collapsed blank lines in chapter\第5篇-第15章-行业大数据测试案例分析【专家】.md
Collapsed blank lines in chapter\第5篇-第16章-大数据安全测试【进阶】.md
Collapsed blank lines in chapter\第5篇-第16章-大数据测试项目实施与实战经验【专家】.md
Collapsed blank lines in chapter\第5篇-第17章-大数据测试自动化【进阶】.md
Collapsed blank lines in chapter\第6篇-大数据测试趋势与展望【专家】.md
Collapsed blank lines in chapter\第6篇-第18章-大规模数据处理性能测试【专家】.md
Collapsed blank lines in chapter\第6篇-第19章-CI_CD、GitOps与运维治理【专家】.md
Collapsed blank lines in chapter\第6篇-第20章-技术与方法演进【专家】.md
Collapsed blank lines in chapter\第6篇-第21章-大数据测试人才与未来发展【专家】.md
Collapsed blank lines in chapter\附录.md
Collapsed blank lines in PR_DESCRIPTION.md
