REPLACED book\篇章结构.md:773 -- '21.5.2 行业应用趋势...' -> '21.5.2 行业应用趋势 （来自：篇章结构）...'
REPLACED book\篇章结构.md:415 -- 'JMeter...' -> 'JMeter （来自：篇章结构）...'
REPLACED book\篇章结构.md:159 -- '第 6 章 数据质量管理与测试【进阶】...' -> '第 6 章 数据质量管理与测试【进阶】 （来自：篇章结构）...'
REPLACED book\篇章结构.md:21 -- '2.2 主流大数据技术栈及其应用场景...' -> '2.2 主流大数据技术栈及其应用场景 （来自：篇章结构）...'
REPLACED book\篇章结构.md:11 -- '1.3 大数据测试与传统测试的区别与联系...' -> '1.3 大数据测试与传统测试的区别与联系 （来自：篇章结构）...'
REPLACED book\篇章结构.md:9 -- '1.2 大数据测试的定义与目标...' -> '1.2 大数据测试的定义与目标 （来自：篇章结构）...'
REPLACED chapter\第1篇-第1章-大数据测试概述.md:64 -- '1.5 大数据测试的发展历程与趋势...' -> '1.5 大数据测试的发展历程与趋势 （来自：第1篇-第1章-大数据测试概述）...'
REPLACED chapter\第1篇-第1章-大数据测试概述.md:46 -- '1.4 大数据测试的特点与挑战...' -> '1.4 大数据测试的特点与挑战 （来自：第1篇-第1章-大数据测试概述）...'
REPLACED chapter\第1篇-第1章-大数据测试概述.md:28 -- '1.3 大数据测试与传统测试的区别与联系...' -> '1.3 大数据测试与传统测试的区别与联系 （来自：第1篇-第1章-大数据测试概述...'
REPLACED chapter\第1篇-第1章-大数据测试概述.md:13 -- '1.2 大数据测试定义与目标...' -> '1.2 大数据测试定义与目标 （来自：第1篇-第1章-大数据测试概述）...'
REPLACED chapter\第1篇-第1章-大数据测试概述.md:3 -- '1.1 大数据概念与特点...' -> '1.1 大数据概念与特点 （来自：第1篇-第1章-大数据测试概述）...'
REPLACED book\1022.2025.book.md:1607 -- '10.5 敏感数据保护测试 敏感数据保护测试是确保敏感数据在测试过程中得到适当保...' -> '10.5 敏感数据保护测试 敏感数据保护测试是确保敏感数据在测试过程中得到适当保...'
REPLACED book\1022.2025.book.md:1585 -- '10.4 测试数据安全管理 在大数据测试中，测试数据的安全管理是一个至关重要的问...' -> '10.4 测试数据安全管理 在大数据测试中，测试数据的安全管理是一个至关重要的问...'
REPLACED book\1022.2025.book.md:1559 -- '10.3 测试数据管理平台 测试数据管理平台（TDMS）是用于集中管理测试数据的...' -> '10.3 测试数据管理平台 测试数据管理平台（TDMS）是用于集中管理测试数据的...'
REPLACED book\1022.2025.book.md:1516 -- '10.2 测试数据设计与生成策略 在完成测试数据需求分析后，接下来需要进行测试数...' -> '10.2 测试数据设计与生成策略 在完成测试数据需求分析后，接下来需要进行测试数...'
REPLACED book\1022.2025.book.md:371 -- '4. 安全性原则 大数据系统存储和处理海量数据，其中可能包含敏感信息，因此安全性...' -> '4. 安全性原则 大数据系统存储和处理海量数据，其中可能包含敏感信息，因此安全性...'
REPLACED book\1022.2025.book.md:364 -- '3. 容错性原则 大数据系统需要具备强大的容错能力，确保在硬件故障、网络问题等异...' -> '3. 容错性原则 大数据系统需要具备强大的容错能力，确保在硬件故障、网络问题等异...'
REPLACED book\1022.2025.book.md:357 -- '2. 可扩展性原则 可扩展性是大数据架构的核心特性之一，确保系统能够应对不断增长...' -> '2. 可扩展性原则 可扩展性是大数据架构的核心特性之一，确保系统能够应对不断增长...'
REPLACED book\1022.2025.book.md:345 -- '2.3 大数据架构设计原则 大数据架构设计需要遵循一系列原则，以确保系统的可扩展...' -> '2.3 大数据架构设计原则 大数据架构设计需要遵循一系列原则，以确保系统的可扩展...'
REPLACED book\1022.2025.book.md:289 -- '1. Hadoop 生态系统 Hadoop 是最早出现的开源大数据框架，也是目前...' -> '1. Hadoop 生态系统 Hadoop 是最早出现的开源大数据框架，也是目前...'
REPLACED book\1022.2025.book.md:283 -- '2.2 主流大数据技术栈及其应用场景...' -> '2.2 主流大数据技术栈及其应用场景 （来自：1022.2025.book）...'
REPLACED chapter\第3篇-第9章-大数据测试环境搭建【入门】.md:185 -- '9.6 测试环境管理与维护策略 测试环境的管理和维护是确保测试工作顺利进行的重要...' -> '9.6 测试环境管理与维护策略 测试环境的管理和维护是确保测试工作顺利进行的重要...'
REPLACED chapter\第3篇-第9章-大数据测试环境搭建【入门】.md:164 -- '9.5 云测试环境配置 云测试环境提供弹性扩展能力，适合动态变化的测试需求。 *...' -> '9.5 云测试环境配置 云测试环境提供弹性扩展能力，适合动态变化的测试需求。 *...'
REPLACED chapter\第3篇-第9章-大数据测试环境搭建【入门】.md:132 -- '9.4 集群测试环境搭建 集群测试环境适合进行集成测试和性能测试，能够更真实地模...' -> '9.4 集群测试环境搭建 集群测试环境适合进行集成测试和性能测试，能够更真实地模...'
REPLACED chapter\第3篇-第9章-大数据测试环境搭建【入门】.md:53 -- '9.3 本地测试环境搭建 本地测试环境是开发人员日常使用的轻量级环境，适合单元测...' -> '9.3 本地测试环境搭建 本地测试环境是开发人员日常使用的轻量级环境，适合单元测...'
REPLACED chapter\第3篇-第9章-大数据测试环境搭建【入门】.md:31 -- '9.2 测试环境需求分析与规划 合理的测试环境需求分析和规划是确保测试有效性和资...' -> '9.2 测试环境需求分析与规划 合理的测试环境需求分析和规划是确保测试有效性和资...'
REPLACED chapter\第3篇-第9章-大数据测试环境搭建【入门】.md:1 -- '第 9 章 大数据测试环境搭建【入门】 <!-- scope-note-star...' -> '第 9 章 大数据测试环境搭建【入门】 <!-- scope-note-star...'
REPLACED chapter\第5篇-第17章-大数据测试自动化【进阶】.md:2594 -- '使用示例...' -> '使用示例 （来自：第5篇-第17章-大数据测试自动化【进阶】）...'
REPLACED chapter\第5篇-第17章-大数据测试自动化【进阶】.md:2180 -- '使用示例...' -> '使用示例 （来自：第5篇-第17章-大数据测试自动化【进阶】）...'
REPLACED chapter\第5篇-第17章-大数据测试自动化【进阶】.md:1734 -- '使用示例...' -> '使用示例 （来自：第5篇-第17章-大数据测试自动化【进阶】）...'
REPLACED chapter\第5篇-第17章-大数据测试自动化【进阶】.md:149 -- '使用示例...' -> '使用示例 （来自：第5篇-第17章-大数据测试自动化【进阶】）...'
REPLACED chapter\附录.md:15 -- '常见问题汇总（按章索引，供快速查阅）...' -> '常见问题汇总（按章索引，供快速查阅） （来自：附录）...'
REPLACED chapter\附录.md:1 -- '附录...' -> '附录 （来自：附录）...'
REPLACED chapter\第1篇-大数据测试基础.md:96 -- '2.3 大数据架构设计原则...' -> '2.3 大数据架构设计原则 （来自：第1篇-大数据测试基础）...'
REPLACED chapter\第1篇-大数据测试基础.md:47 -- '2.1 大数据技术生态系统层次...' -> '2.1 大数据技术生态系统层次 （来自：第1篇-大数据测试基础）...'
REPLACED chapter\第1篇-大数据测试基础.md:1 -- '第一篇 大数据测试基础【入门】...' -> '第一篇 大数据测试基础【入门】 （来自：第1篇-大数据测试基础）...'
REPLACED chapter\第1篇-第2章-大数据技术生态与架构.md:226 -- '2.5 技术选型与测试考量...' -> '2.5 技术选型与测试考量 （来自：第1篇-第2章-大数据技术生态与架构）...'
REPLACED chapter\第1篇-第2章-大数据技术生态与架构.md:139 -- '2.4 大数据技术发展趋势...' -> '2.4 大数据技术发展趋势 （来自：第1篇-第2章-大数据技术生态与架构）...'
REPLACED chapter\第1篇-第2章-大数据技术生态与架构.md:87 -- '2.3 大数据架构设计原则...' -> '2.3 大数据架构设计原则 （来自：第1篇-第2章-大数据技术生态与架构）...'
REPLACED chapter\第1篇-第2章-大数据技术生态与架构.md:17 -- '2.2 大数据主流技术栈...' -> '2.2 大数据主流技术栈 （来自：第1篇-第2章-大数据技术生态与架构）...'
REPLACED chapter\第1篇-第2章-大数据技术生态与架构.md:3 -- '2.1 大数据技术生态系统层次...' -> '2.1 大数据技术生态系统层次 （来自：第1篇-第2章-大数据技术生态与架构）...'
REPLACED chapter\第2篇-大数据测试方法与技术【进阶】.md:579 -- '8.4 数据挖掘结果验证...' -> '8.4 数据挖掘结果验证 （来自：第2篇-大数据测试方法与技术【进阶】）...'
REPLACED chapter\第2篇-大数据测试方法与技术【进阶】.md:577 -- '8.3 数据可视化测试技术...' -> '8.3 数据可视化测试技术 （来自：第2篇-大数据测试方法与技术【进阶】）...'
REPLACED chapter\第2篇-大数据测试方法与技术【进阶】.md:571 -- '8.1 数据分析测试概述...' -> '8.1 数据分析测试概述 （来自：第2篇-大数据测试方法与技术【进阶】）...'
REPLACED chapter\第2篇-大数据测试方法与技术【进阶】.md:567 -- '7.5 安全测试工具...' -> '7.5 安全测试工具 （来自：第2篇-大数据测试方法与技术【进阶】）...'
REPLACED chapter\第2篇-大数据测试方法与技术【进阶】.md:565 -- '7.4 数据加密与脱敏测试...' -> '7.4 数据加密与脱敏测试 （来自：第2篇-大数据测试方法与技术【进阶】）...'
REPLACED chapter\第2篇-大数据测试方法与技术【进阶】.md:563 -- '7.3 身份认证与权限测试...' -> '7.3 身份认证与权限测试 （来自：第2篇-大数据测试方法与技术【进阶】）...'
REPLACED chapter\第2篇-大数据测试方法与技术【进阶】.md:557 -- '7.2.4 大数据特有安全测试技术...' -> '7.2.4 大数据特有安全测试技术 （来自：第2篇-大数据测试方法与技术【进阶】...'
REPLACED chapter\第2篇-大数据测试方法与技术【进阶】.md:551 -- '7.2.3 自动化安全测试技术...' -> '7.2.3 自动化安全测试技术 （来自：第2篇-大数据测试方法与技术【进阶】）...'
REPLACED chapter\第2篇-大数据测试方法与技术【进阶】.md:545 -- '7.2.2 渗透测试方法...' -> '7.2.2 渗透测试方法 （来自：第2篇-大数据测试方法与技术【进阶】）...'
REPLACED chapter\第2篇-大数据测试方法与技术【进阶】.md:539 -- '7.2.1 安全测试方法分类...' -> '7.2.1 安全测试方法分类 （来自：第2篇-大数据测试方法与技术【进阶】）...'
REPLACED chapter\第2篇-大数据测试方法与技术【进阶】.md:537 -- '7.2 安全测试方法与技术...' -> '7.2 安全测试方法与技术 （来自：第2篇-大数据测试方法与技术【进阶】）...'
REPLACED chapter\第2篇-大数据测试方法与技术【进阶】.md:533 -- '7.1 大数据安全概述...' -> '7.1 大数据安全概述 （来自：第2篇-大数据测试方法与技术【进阶】）...'
REPLACED chapter\第2篇-大数据测试方法与技术【进阶】.md:529 -- '6.5 数据质量问题识别与修复...' -> '6.5 数据质量问题识别与修复 （来自：第2篇-大数据测试方法与技术【进阶】）...'
REPLACED chapter\第2篇-大数据测试方法与技术【进阶】.md:527 -- '6.4 数据质量监控策略...' -> '6.4 数据质量监控策略 （来自：第2篇-大数据测试方法与技术【进阶】）...'
REPLACED chapter\第2篇-大数据测试方法与技术【进阶】.md:525 -- '6.3 数据质量测试方法与技术...' -> '6.3 数据质量测试方法与技术 （来自：第2篇-大数据测试方法与技术【进阶】）...'
REPLACED chapter\第2篇-大数据测试方法与技术【进阶】.md:523 -- '6.2 数据质量评估指标体系...' -> '6.2 数据质量评估指标体系 （来自：第2篇-大数据测试方法与技术【进阶】）...'
REPLACED chapter\第2篇-大数据测试方法与技术【进阶】.md:517 -- '6.1.3 数据质量评估的重要性...' -> '6.1.3 数据质量评估的重要性 （来自：第2篇-大数据测试方法与技术【进阶】）...'
REPLACED chapter\第2篇-大数据测试方法与技术【进阶】.md:511 -- '6.1.2 大数据环境下的数据质量挑战...' -> '6.1.2 大数据环境下的数据质量挑战 （来自：第2篇-大数据测试方法与技术【进...'
REPLACED chapter\第2篇-大数据测试方法与技术【进阶】.md:505 -- '6.1.1 数据质量的定义与内涵...' -> '6.1.1 数据质量的定义与内涵 （来自：第2篇-大数据测试方法与技术【进阶】）...'
REPLACED chapter\第2篇-大数据测试方法与技术【进阶】.md:501 -- '6.1 概述与重要性...' -> '6.1 概述与重要性 （来自：第2篇-大数据测试方法与技术【进阶】）...'
REPLACED chapter\第2篇-大数据测试方法与技术【进阶】.md:497 -- '5.6 测试工具...' -> '5.6 测试工具 （来自：第2篇-大数据测试方法与技术【进阶】）...'
REPLACED chapter\第2篇-大数据测试方法与技术【进阶】.md:491 -- '5.5.4 扩展性测试...' -> '5.5.4 扩展性测试 （来自：第2篇-大数据测试方法与技术【进阶】）...'
REPLACED chapter\第2篇-大数据测试方法与技术【进阶】.md:485 -- '5.5.3 资源利用率测试...' -> '5.5.3 资源利用率测试 （来自：第2篇-大数据测试方法与技术【进阶】）...'
REPLACED chapter\第2篇-大数据测试方法与技术【进阶】.md:479 -- '5.5.2 吞吐量测试...' -> '5.5.2 吞吐量测试 （来自：第2篇-大数据测试方法与技术【进阶】）...'
REPLACED chapter\第2篇-大数据测试方法与技术【进阶】.md:473 -- '5.5.1 处理延迟测试...' -> '5.5.1 处理延迟测试 （来自：第2篇-大数据测试方法与技术【进阶】）...'
REPLACED chapter\第2篇-大数据测试方法与技术【进阶】.md:471 -- '5.5 数据处理性能测试...' -> '5.5 数据处理性能测试 （来自：第2篇-大数据测试方法与技术【进阶】）...'
REPLACED chapter\第2篇-大数据测试方法与技术【进阶】.md:465 -- '5.4.5 模型监控测试...' -> '5.4.5 模型监控测试 （来自：第2篇-大数据测试方法与技术【进阶】）...'
REPLACED chapter\第2篇-大数据测试方法与技术【进阶】.md:459 -- '5.4.4 模型部署测试...' -> '5.4.4 模型部署测试 （来自：第2篇-大数据测试方法与技术【进阶】）...'
REPLACED chapter\第2篇-大数据测试方法与技术【进阶】.md:453 -- '5.4.3 模型评估指标测试...' -> '5.4.3 模型评估指标测试 （来自：第2篇-大数据测试方法与技术【进阶】）...'
REPLACED chapter\第2篇-大数据测试方法与技术【进阶】.md:447 -- '5.4.2 模型训练过程测试...' -> '5.4.2 模型训练过程测试 （来自：第2篇-大数据测试方法与技术【进阶】）...'
REPLACED chapter\第2篇-大数据测试方法与技术【进阶】.md:441 -- '5.4.1 特征工程测试...' -> '5.4.1 特征工程测试 （来自：第2篇-大数据测试方法与技术【进阶】）...'
REPLACED chapter\第2篇-大数据测试方法与技术【进阶】.md:439 -- '5.4 机器学习模型测试...' -> '5.4 机器学习模型测试 （来自：第2篇-大数据测试方法与技术【进阶】）...'
REPLACED chapter\第2篇-大数据测试方法与技术【进阶】.md:433 -- '5.3.5 窗口操作测试...' -> '5.3.5 窗口操作测试 （来自：第2篇-大数据测试方法与技术【进阶】）...'
REPLACED chapter\第2篇-大数据测试方法与技术【进阶】.md:427 -- '5.3.4 状态管理测试...' -> '5.3.4 状态管理测试 （来自：第2篇-大数据测试方法与技术【进阶】）...'
REPLACED chapter\第2篇-大数据测试方法与技术【进阶】.md:407 -- '5.3 流处理测试技术...' -> '5.3 流处理测试技术 （来自：第2篇-大数据测试方法与技术【进阶】）...'
REPLACED chapter\第2篇-大数据测试方法与技术【进阶】.md:401 -- '5.2.5 处理结果准确性测试...' -> '5.2.5 处理结果准确性测试 （来自：第2篇-大数据测试方法与技术【进阶】）...'
REPLACED chapter\第2篇-大数据测试方法与技术【进阶】.md:395 -- '5.2.4 数据转换验证...' -> '5.2.4 数据转换验证 （来自：第2篇-大数据测试方法与技术【进阶】）...'
REPLACED chapter\第2篇-大数据测试方法与技术【进阶】.md:375 -- '5.2 批处理测试方法...' -> '5.2 批处理测试方法 （来自：第2篇-大数据测试方法与技术【进阶】）...'
REPLACED chapter\第2篇-大数据测试方法与技术【进阶】.md:369 -- '5.1.3 分布式处理挑战...' -> '5.1.3 分布式处理挑战 （来自：第2篇-大数据测试方法与技术【进阶】）...'
REPLACED chapter\第2篇-大数据测试方法与技术【进阶】.md:363 -- '5.1.2 处理逻辑复杂度...' -> '5.1.2 处理逻辑复杂度 （来自：第2篇-大数据测试方法与技术【进阶】）...'
REPLACED chapter\第2篇-大数据测试方法与技术【进阶】.md:356 -- '5.1.1 数据处理测试目标...' -> '5.1.1 数据处理测试目标 （来自：第2篇-大数据测试方法与技术【进阶】）...'
REPLACED chapter\第2篇-大数据测试方法与技术【进阶】.md:352 -- '5.1 概述...' -> '5.1 概述 （来自：第2篇-大数据测试方法与技术【进阶】）...'
REPLACED chapter\第2篇-大数据测试方法与技术【进阶】.md:348 -- '4.6 测试工具...' -> '4.6 测试工具 （来自：第2篇-大数据测试方法与技术【进阶】）...'
REPLACED chapter\第2篇-大数据测试方法与技术【进阶】.md:342 -- '4.5.4 查询性能测试...' -> '4.5.4 查询性能测试 （来自：第2篇-大数据测试方法与技术【进阶】）...'
REPLACED chapter\第2篇-大数据测试方法与技术【进阶】.md:336 -- '4.5.3 多维数据模型测试...' -> '4.5.3 多维数据模型测试 （来自：第2篇-大数据测试方法与技术【进阶】）...'
REPLACED chapter\第2篇-大数据测试方法与技术【进阶】.md:324 -- '4.5.1 数据加载测试...' -> '4.5.1 数据加载测试 （来自：第2篇-大数据测试方法与技术【进阶】）...'
REPLACED chapter\第2篇-大数据测试方法与技术【进阶】.md:322 -- '4.5 数据仓库测试方法...' -> '4.5 数据仓库测试方法 （来自：第2篇-大数据测试方法与技术【进阶】）...'
REPLACED chapter\第2篇-大数据测试方法与技术【进阶】.md:316 -- '4.4.4 图数据库测试...' -> '4.4.4 图数据库测试 （来自：第2篇-大数据测试方法与技术【进阶】）...'
REPLACED chapter\第2篇-大数据测试方法与技术【进阶】.md:310 -- '4.4.3 列族数据库测试...' -> '4.4.3 列族数据库测试 （来自：第2篇-大数据测试方法与技术【进阶】）...'
REPLACED chapter\第2篇-大数据测试方法与技术【进阶】.md:304 -- '4.4.2 文档数据库测试...' -> '4.4.2 文档数据库测试 （来自：第2篇-大数据测试方法与技术【进阶】）...'
REPLACED chapter\第2篇-大数据测试方法与技术【进阶】.md:298 -- '4.4.1 键值存储测试...' -> '4.4.1 键值存储测试 （来自：第2篇-大数据测试方法与技术【进阶】）...'
REPLACED chapter\第2篇-大数据测试方法与技术【进阶】.md:290 -- '4.3.5 并发访问测试...' -> '4.3.5 并发访问测试 （来自：第2篇-大数据测试方法与技术【进阶】）...'
REPLACED chapter\第2篇-大数据测试方法与技术【进阶】.md:284 -- '4.3.4 事务处理测试...' -> '4.3.4 事务处理测试 （来自：第2篇-大数据测试方法与技术【进阶】）...'
REPLACED chapter\第2篇-大数据测试方法与技术【进阶】.md:272 -- '4.3.2 数据表结构测试...' -> '4.3.2 数据表结构测试 （来自：第2篇-大数据测试方法与技术【进阶】）...'
REPLACED chapter\第2篇-大数据测试方法与技术【进阶】.md:266 -- '4.3.1 数据库连接测试...' -> '4.3.1 数据库连接测试 （来自：第2篇-大数据测试方法与技术【进阶】）...'
REPLACED chapter\第2篇-大数据测试方法与技术【进阶】.md:264 -- '4.3 关系型数据库存储测试...' -> '4.3 关系型数据库存储测试 （来自：第2篇-大数据测试方法与技术【进阶】）...'
REPLACED chapter\第2篇-大数据测试方法与技术【进阶】.md:232 -- '4.1.4 高可用性要求...' -> '4.1.4 高可用性要求 （来自：第2篇-大数据测试方法与技术【进阶】）...'
REPLACED chapter\第2篇-大数据测试方法与技术【进阶】.md:226 -- '4.1.3 数据一致性挑战...' -> '4.1.3 数据一致性挑战 （来自：第2篇-大数据测试方法与技术【进阶】）...'
REPLACED chapter\第2篇-大数据测试方法与技术【进阶】.md:220 -- '4.1.2 存储系统多样性...' -> '4.1.2 存储系统多样性 （来自：第2篇-大数据测试方法与技术【进阶】）...'
REPLACED chapter\第2篇-大数据测试方法与技术【进阶】.md:209 -- '4.1 概述...' -> '4.1 概述 （来自：第2篇-大数据测试方法与技术【进阶】）...'
REPLACED chapter\第2篇-大数据测试方法与技术【进阶】.md:205 -- '3.8 测试最佳实践...' -> '3.8 测试最佳实践 （来自：第2篇-大数据测试方法与技术【进阶】）...'
REPLACED chapter\第2篇-大数据测试方法与技术【进阶】.md:203 -- '3.7 测试工具与框架...' -> '3.7 测试工具与框架 （来自：第2篇-大数据测试方法与技术【进阶】）...'
REPLACED chapter\第2篇-大数据测试方法与技术【进阶】.md:171 -- '3.6 数据格式验证...' -> '3.6 数据格式验证 （来自：第2篇-大数据测试方法与技术【进阶】）...'
REPLACED chapter\第2篇-大数据测试方法与技术【进阶】.md:145 -- '3.5 数据源连接测试...' -> '3.5 数据源连接测试 （来自：第2篇-大数据测试方法与技术【进阶】）...'
REPLACED chapter\第2篇-大数据测试方法与技术【进阶】.md:87 -- '3.3 流处理采集测试技术...' -> '3.3 流处理采集测试技术 （来自：第2篇-大数据测试方法与技术【进阶】）...'
REPLACED chapter\第2篇-大数据测试方法与技术【进阶】.md:55 -- '3.2 批处理采集测试方法...' -> '3.2 批处理采集测试方法 （来自：第2篇-大数据测试方法与技术【进阶】）...'
REPLACED chapter\第2篇-大数据测试方法与技术【进阶】.md:26 -- '3.1 概述...' -> '3.1 概述 （来自：第2篇-大数据测试方法与技术【进阶】）...'
REPLACED chapter\第2篇-大数据测试方法与技术【进阶】.md:1 -- '第二篇 大数据测试方法与技术【进阶】...' -> '第二篇 大数据测试方法与技术【进阶】 （来自：第2篇-大数据测试方法与技术【进阶...'
REPLACED chapter\第2篇-第3章-数据采集测试【进阶】.md:542 -- '3.8 测试最佳实践...' -> '3.8 测试最佳实践 （来自：第2篇-第3章-数据采集测试【进阶】）...'
REPLACED chapter\第2篇-第3章-数据采集测试【进阶】.md:482 -- '3.7 测试工具与框架...' -> '3.7 测试工具与框架 （来自：第2篇-第3章-数据采集测试【进阶】）...'
REPLACED chapter\第2篇-第3章-数据采集测试【进阶】.md:468 -- '3.6.5 数据编码验证...' -> '3.6.5 数据编码验证 （来自：第2篇-第3章-数据采集测试【进阶】）...'
REPLACED chapter\第2篇-第3章-数据采集测试【进阶】.md:454 -- '3.6.4 特殊字符处理验证...' -> '3.6.4 特殊字符处理验证 （来自：第2篇-第3章-数据采集测试【进阶】）...'
REPLACED chapter\第2篇-第3章-数据采集测试【进阶】.md:440 -- '3.6.3 数据格式验证...' -> '3.6.3 数据格式验证 （来自：第2篇-第3章-数据采集测试【进阶】）...'
REPLACED chapter\第2篇-第3章-数据采集测试【进阶】.md:426 -- '3.6.2 数据长度验证...' -> '3.6.2 数据长度验证 （来自：第2篇-第3章-数据采集测试【进阶】）...'
REPLACED chapter\第2篇-第3章-数据采集测试【进阶】.md:412 -- '3.6.1 数据类型验证...' -> '3.6.1 数据类型验证 （来自：第2篇-第3章-数据采集测试【进阶】）...'
REPLACED chapter\第2篇-第3章-数据采集测试【进阶】.md:408 -- '3.6 数据格式验证...' -> '3.6 数据格式验证 （来自：第2篇-第3章-数据采集测试【进阶】）...'
REPLACED chapter\第2篇-第3章-数据采集测试【进阶】.md:394 -- '3.5.4 权限验证...' -> '3.5.4 权限验证 （来自：第2篇-第3章-数据采集测试【进阶】）...'
REPLACED chapter\第2篇-第3章-数据采集测试【进阶】.md:380 -- '3.5.3 连接性能测试...' -> '3.5.3 连接性能测试 （来自：第2篇-第3章-数据采集测试【进阶】）...'
REPLACED chapter\第2篇-第3章-数据采集测试【进阶】.md:366 -- '3.5.2 连接稳定性测试...' -> '3.5.2 连接稳定性测试 （来自：第2篇-第3章-数据采集测试【进阶】）...'
REPLACED chapter\第2篇-第3章-数据采集测试【进阶】.md:352 -- '3.5.1 连接配置验证...' -> '3.5.1 连接配置验证 （来自：第2篇-第3章-数据采集测试【进阶】）...'
REPLACED chapter\第2篇-第3章-数据采集测试【进阶】.md:348 -- '3.5 数据源连接测试...' -> '3.5 数据源连接测试 （来自：第2篇-第3章-数据采集测试【进阶】）...'
REPLACED chapter\第2篇-第3章-数据采集测试【进阶】.md:190 -- '3.4 Web数据采集测试...' -> '3.4 Web数据采集测试 （来自：第2篇-第3章-数据采集测试【进阶】）...'
REPLACED chapter\第2篇-第3章-数据采集测试【进阶】.md:176 -- '3.3.5 背压处理测试...' -> '3.3.5 背压处理测试 （来自：第2篇-第3章-数据采集测试【进阶】）...'
REPLACED chapter\第2篇-第3章-数据采集测试【进阶】.md:162 -- '3.3.4 系统稳定性测试...' -> '3.3.4 系统稳定性测试 （来自：第2篇-第3章-数据采集测试【进阶】）...'
REPLACED chapter\第2篇-第3章-数据采集测试【进阶】.md:148 -- '3.3.3 数据丢失率测试...' -> '3.3.3 数据丢失率测试 （来自：第2篇-第3章-数据采集测试【进阶】）...'
REPLACED chapter\第2篇-第3章-数据采集测试【进阶】.md:134 -- '3.3.2 数据吞吐量测试...' -> '3.3.2 数据吞吐量测试 （来自：第2篇-第3章-数据采集测试【进阶】）...'
REPLACED chapter\第2篇-第3章-数据采集测试【进阶】.md:120 -- '3.3.1 实时性验证方法...' -> '3.3.1 实时性验证方法 （来自：第2篇-第3章-数据采集测试【进阶】）...'
REPLACED chapter\第2篇-第3章-数据采集测试【进阶】.md:116 -- '3.3 流处理采集测试技术...' -> '3.3 流处理采集测试技术 （来自：第2篇-第3章-数据采集测试【进阶】）...'
REPLACED chapter\第2篇-第3章-数据采集测试【进阶】.md:108 -- '3.2.5 错误处理测试...' -> '3.2.5 错误处理测试 （来自：第2篇-第3章-数据采集测试【进阶】）...'
REPLACED chapter\第2篇-第3章-数据采集测试【进阶】.md:100 -- '3.2.4 采集效率测试...' -> '3.2.4 采集效率测试 （来自：第2篇-第3章-数据采集测试【进阶】）...'
REPLACED chapter\第2篇-第3章-数据采集测试【进阶】.md:92 -- '3.2.3 数据准确性验证...' -> '3.2.3 数据准确性验证 （来自：第2篇-第3章-数据采集测试【进阶】）...'
REPLACED chapter\第2篇-第3章-数据采集测试【进阶】.md:84 -- '3.2.2 数据完整性验证...' -> '3.2.2 数据完整性验证 （来自：第2篇-第3章-数据采集测试【进阶】）...'
REPLACED chapter\第2篇-第3章-数据采集测试【进阶】.md:76 -- '3.2.1 数据量验证策略...' -> '3.2.1 数据量验证策略 （来自：第2篇-第3章-数据采集测试【进阶】）...'
REPLACED chapter\第2篇-第3章-数据采集测试【进阶】.md:72 -- '3.2 批处理采集测试方法...' -> '3.2 批处理采集测试方法 （来自：第2篇-第3章-数据采集测试【进阶】）...'
REPLACED chapter\第2篇-第3章-数据采集测试【进阶】.md:60 -- '3.1.4 数据格式多样性...' -> '3.1.4 数据格式多样性 （来自：第2篇-第3章-数据采集测试【进阶】）...'
REPLACED chapter\第2篇-第3章-数据采集测试【进阶】.md:50 -- '3.1.3 数据量与实时性要求...' -> '3.1.3 数据量与实时性要求 （来自：第2篇-第3章-数据采集测试【进阶】）...'
REPLACED chapter\第2篇-第3章-数据采集测试【进阶】.md:36 -- '3.1.2 数据源多样性挑战...' -> '3.1.2 数据源多样性挑战 （来自：第2篇-第3章-数据采集测试【进阶】）...'
REPLACED chapter\第2篇-第3章-数据采集测试【进阶】.md:21 -- '3.1.1 数据采集测试目标...' -> '3.1.1 数据采集测试目标 （来自：第2篇-第3章-数据采集测试【进阶】）...'
REPLACED chapter\第2篇-第3章-数据采集测试【进阶】.md:17 -- '3.1 概述...' -> '3.1 概述 （来自：第2篇-第3章-数据采集测试【进阶】）...'
REPLACED chapter\第2篇-第3章-数据采集测试【进阶】.md:1 -- '第3章 数据采集测试【进阶】...' -> '第3章 数据采集测试【进阶】 （来自：第2篇-第3章-数据采集测试【进阶】）...'
REPLACED chapter\第2篇-第4章-数据存储测试【进阶】.md:400 -- '4.5.4 查询性能测试...' -> '4.5.4 查询性能测试 （来自：第2篇-第4章-数据存储测试【进阶】）...'
REPLACED chapter\第2篇-第4章-数据存储测试【进阶】.md:384 -- '4.5.3 多维数据模型测试...' -> '4.5.3 多维数据模型测试 （来自：第2篇-第4章-数据存储测试【进阶】）...'
REPLACED chapter\第2篇-第4章-数据存储测试【进阶】.md:360 -- '4.5.2 ETL过程测试...' -> '4.5.2 ETL过程测试 （来自：第2篇-第4章-数据存储测试【进阶】）...'
REPLACED chapter\第2篇-第4章-数据存储测试【进阶】.md:344 -- '4.5.1 数据加载测试...' -> '4.5.1 数据加载测试 （来自：第2篇-第4章-数据存储测试【进阶】）...'
REPLACED chapter\第2篇-第4章-数据存储测试【进阶】.md:340 -- '4.5 数据仓库测试方法...' -> '4.5 数据仓库测试方法 （来自：第2篇-第4章-数据存储测试【进阶】）...'
REPLACED chapter\第2篇-第4章-数据存储测试【进阶】.md:322 -- '4.4.4 图数据库测试...' -> '4.4.4 图数据库测试 （来自：第2篇-第4章-数据存储测试【进阶】）...'
REPLACED chapter\第2篇-第4章-数据存储测试【进阶】.md:306 -- '4.4.3 列族数据库测试...' -> '4.4.3 列族数据库测试 （来自：第2篇-第4章-数据存储测试【进阶】）...'
REPLACED chapter\第2篇-第4章-数据存储测试【进阶】.md:290 -- '4.4.2 文档数据库测试...' -> '4.4.2 文档数据库测试 （来自：第2篇-第4章-数据存储测试【进阶】）...'
REPLACED chapter\第2篇-第4章-数据存储测试【进阶】.md:266 -- '4.4.1 键值存储测试...' -> '4.4.1 键值存储测试 （来自：第2篇-第4章-数据存储测试【进阶】）...'
REPLACED chapter\第2篇-第4章-数据存储测试【进阶】.md:262 -- '4.4 NoSQL数据库测试技术...' -> '4.4 NoSQL数据库测试技术 （来自：第2篇-第4章-数据存储测试【进阶】）...'
REPLACED chapter\第2篇-第4章-数据存储测试【进阶】.md:246 -- '4.3.5 并发访问测试...' -> '4.3.5 并发访问测试 （来自：第2篇-第4章-数据存储测试【进阶】）...'
REPLACED chapter\第2篇-第4章-数据存储测试【进阶】.md:230 -- '4.3.4 事务处理测试...' -> '4.3.4 事务处理测试 （来自：第2篇-第4章-数据存储测试【进阶】）...'
REPLACED chapter\第2篇-第4章-数据存储测试【进阶】.md:210 -- '4.3.3 SQL查询性能测试...' -> '4.3.3 SQL查询性能测试 （来自：第2篇-第4章-数据存储测试【进阶】）...'
REPLACED chapter\第2篇-第4章-数据存储测试【进阶】.md:194 -- '4.3.2 数据表结构测试...' -> '4.3.2 数据表结构测试 （来自：第2篇-第4章-数据存储测试【进阶】）...'
REPLACED chapter\第2篇-第4章-数据存储测试【进阶】.md:178 -- '4.3.1 数据库连接测试...' -> '4.3.1 数据库连接测试 （来自：第2篇-第4章-数据存储测试【进阶】）...'
REPLACED chapter\第2篇-第4章-数据存储测试【进阶】.md:174 -- '4.3 关系型数据库存储测试...' -> '4.3 关系型数据库存储测试 （来自：第2篇-第4章-数据存储测试【进阶】）...'
REPLACED chapter\第2篇-第4章-数据存储测试【进阶】.md:158 -- '4.2.4 HDFS故障恢复测试...' -> '4.2.4 HDFS故障恢复测试 （来自：第2篇-第4章-数据存储测试【进阶】）...'
REPLACED chapter\第2篇-第4章-数据存储测试【进阶】.md:142 -- '4.2.3 HDFS性能测试...' -> '4.2.3 HDFS性能测试 （来自：第2篇-第4章-数据存储测试【进阶】）...'
REPLACED chapter\第2篇-第4章-数据存储测试【进阶】.md:126 -- '4.2.2 HDFS可靠性测试...' -> '4.2.2 HDFS可靠性测试 （来自：第2篇-第4章-数据存储测试【进阶】）...'
REPLACED chapter\第2篇-第4章-数据存储测试【进阶】.md:106 -- '4.2.1 HDFS基本功能测试...' -> '4.2.1 HDFS基本功能测试 （来自：第2篇-第4章-数据存储测试【进阶】）...'
REPLACED chapter\第2篇-第4章-数据存储测试【进阶】.md:102 -- '4.2 HDFS存储测试...' -> '4.2 HDFS存储测试 （来自：第2篇-第4章-数据存储测试【进阶】）...'
REPLACED chapter\第2篇-第4章-数据存储测试【进阶】.md:88 -- '4.1.4 高可用性要求...' -> '4.1.4 高可用性要求 （来自：第2篇-第4章-数据存储测试【进阶】）...'
REPLACED chapter\第2篇-第4章-数据存储测试【进阶】.md:76 -- '4.1.3 数据一致性挑战...' -> '4.1.3 数据一致性挑战 （来自：第2篇-第4章-数据存储测试【进阶】）...'
REPLACED chapter\第2篇-第4章-数据存储测试【进阶】.md:62 -- '4.1.2 存储系统多样性...' -> '4.1.2 存储系统多样性 （来自：第2篇-第4章-数据存储测试【进阶】）...'
REPLACED chapter\第2篇-第4章-数据存储测试【进阶】.md:46 -- '4.1.1 数据存储测试目标...' -> '4.1.1 数据存储测试目标 （来自：第2篇-第4章-数据存储测试【进阶】）...'
REPLACED chapter\第2篇-第4章-数据存储测试【进阶】.md:42 -- '4.1 概述...' -> '4.1 概述 （来自：第2篇-第4章-数据存储测试【进阶】）...'
REPLACED chapter\第2篇-第4章-数据存储测试【进阶】.md:1 -- '第4章 数据存储测试【进阶】...' -> '第4章 数据存储测试【进阶】 （来自：第2篇-第4章-数据存储测试【进阶】）...'
REPLACED chapter\第2篇-第5章-数据处理测试【进阶】.md:266 -- '5.5.4 扩展性测试...' -> '5.5.4 扩展性测试 （来自：第2篇-第5章-数据处理测试【进阶】）...'
REPLACED chapter\第2篇-第5章-数据处理测试【进阶】.md:252 -- '5.5.3 资源利用率测试...' -> '5.5.3 资源利用率测试 （来自：第2篇-第5章-数据处理测试【进阶】）...'
REPLACED chapter\第2篇-第5章-数据处理测试【进阶】.md:238 -- '5.5.2 吞吐量测试...' -> '5.5.2 吞吐量测试 （来自：第2篇-第5章-数据处理测试【进阶】）...'
REPLACED chapter\第2篇-第5章-数据处理测试【进阶】.md:224 -- '5.5.1 处理延迟测试...' -> '5.5.1 处理延迟测试 （来自：第2篇-第5章-数据处理测试【进阶】）...'
REPLACED chapter\第2篇-第5章-数据处理测试【进阶】.md:220 -- '5.5 数据处理性能测试...' -> '5.5 数据处理性能测试 （来自：第2篇-第5章-数据处理测试【进阶】）...'
REPLACED chapter\第2篇-第5章-数据处理测试【进阶】.md:206 -- '5.4.5 模型监控测试...' -> '5.4.5 模型监控测试 （来自：第2篇-第5章-数据处理测试【进阶】）...'
REPLACED chapter\第2篇-第5章-数据处理测试【进阶】.md:192 -- '5.4.4 模型部署测试...' -> '5.4.4 模型部署测试 （来自：第2篇-第5章-数据处理测试【进阶】）...'
REPLACED chapter\第2篇-第5章-数据处理测试【进阶】.md:178 -- '5.4.3 模型评估指标测试...' -> '5.4.3 模型评估指标测试 （来自：第2篇-第5章-数据处理测试【进阶】）...'
REPLACED chapter\第2篇-第5章-数据处理测试【进阶】.md:164 -- '5.4.2 模型训练过程测试...' -> '5.4.2 模型训练过程测试 （来自：第2篇-第5章-数据处理测试【进阶】）...'
REPLACED chapter\第2篇-第5章-数据处理测试【进阶】.md:150 -- '5.3.5 窗口操作测试...' -> '5.3.5 窗口操作测试 （来自：第2篇-第5章-数据处理测试【进阶】）...'
REPLACED chapter\第2篇-第5章-数据处理测试【进阶】.md:136 -- '5.3.4 状态管理测试...' -> '5.3.4 状态管理测试 （来自：第2篇-第5章-数据处理测试【进阶】）...'
REPLACED chapter\第2篇-第5章-数据处理测试【进阶】.md:122 -- '5.3.3 Spark Streaming测试...' -> '5.3.3 Spark Streaming测试 （来自：第2篇-第5章-数据处理...'
REPLACED chapter\第2篇-第5章-数据处理测试【进阶】.md:108 -- '5.3.2 Flink流处理测试...' -> '5.3.2 Flink流处理测试 （来自：第2篇-第5章-数据处理测试【进阶】）...'
REPLACED chapter\第2篇-第5章-数据处理测试【进阶】.md:94 -- '5.2.5 处理结果准确性测试...' -> '5.2.5 处理结果准确性测试 （来自：第2篇-第5章-数据处理测试【进阶】）...'
REPLACED chapter\第2篇-第5章-数据处理测试【进阶】.md:80 -- '5.2.4 数据转换验证...' -> '5.2.4 数据转换验证 （来自：第2篇-第5章-数据处理测试【进阶】）...'
REPLACED chapter\第2篇-第5章-数据处理测试【进阶】.md:66 -- '5.2.3 Hive查询测试...' -> '5.2.3 Hive查询测试 （来自：第2篇-第5章-数据处理测试【进阶】）...'
REPLACED chapter\第2篇-第5章-数据处理测试【进阶】.md:52 -- '5.2.2 Spark批处理测试...' -> '5.2.2 Spark批处理测试 （来自：第2篇-第5章-数据处理测试【进阶】）...'
REPLACED chapter\第2篇-第5章-数据处理测试【进阶】.md:38 -- '5.2.1 MapReduce任务测试...' -> '5.2.1 MapReduce任务测试 （来自：第2篇-第5章-数据处理测试【进...'
REPLACED chapter\第2篇-第5章-数据处理测试【进阶】.md:34 -- '5.2 批处理测试方法...' -> '5.2 批处理测试方法 （来自：第2篇-第5章-数据处理测试【进阶】）...'
REPLACED chapter\第2篇-第5章-数据处理测试【进阶】.md:25 -- '5.1.3 分布式处理挑战...' -> '5.1.3 分布式处理挑战 （来自：第2篇-第5章-数据处理测试【进阶】）...'
REPLACED chapter\第2篇-第5章-数据处理测试【进阶】.md:16 -- '5.1.2 处理逻辑复杂度...' -> '5.1.2 处理逻辑复杂度 （来自：第2篇-第5章-数据处理测试【进阶】）...'
REPLACED chapter\第2篇-第5章-数据处理测试【进阶】.md:7 -- '5.1.1 数据处理测试目标...' -> '5.1.1 数据处理测试目标 （来自：第2篇-第5章-数据处理测试【进阶】）...'
REPLACED chapter\第2篇-第5章-数据处理测试【进阶】.md:3 -- '5.1 概述...' -> '5.1 概述 （来自：第2篇-第5章-数据处理测试【进阶】）...'
REPLACED chapter\第2篇-第5章-数据处理测试【进阶】.md:1 -- '第5章 数据处理测试【进阶】...' -> '第5章 数据处理测试【进阶】 （来自：第2篇-第5章-数据处理测试【进阶】）...'
REPLACED chapter\第2篇-第6章-数据质量管理与测试【进阶】.md:248 -- '6.5 数据质量问题识别与修复...' -> '6.5 数据质量问题识别与修复 （来自：第2篇-第6章-数据质量管理与测试【进阶...'
REPLACED chapter\第2篇-第6章-数据质量管理与测试【进阶】.md:183 -- '6.4 数据质量监控策略...' -> '6.4 数据质量监控策略 （来自：第2篇-第6章-数据质量管理与测试【进阶】）...'
REPLACED chapter\第2篇-第6章-数据质量管理与测试【进阶】.md:114 -- '6.3 数据质量测试方法与技术...' -> '6.3 数据质量测试方法与技术 （来自：第2篇-第6章-数据质量管理与测试【进阶...'
REPLACED chapter\第2篇-第6章-数据质量管理与测试【进阶】.md:45 -- '6.2 数据质量评估指标体系...' -> '6.2 数据质量评估指标体系 （来自：第2篇-第6章-数据质量管理与测试【进阶】...'
REPLACED chapter\第2篇-第6章-数据质量管理与测试【进阶】.md:32 -- '6.1.3 数据质量评估的重要性...' -> '6.1.3 数据质量评估的重要性 （来自：第2篇-第6章-数据质量管理与测试【进...'
REPLACED chapter\第2篇-第6章-数据质量管理与测试【进阶】.md:21 -- '6.1.2 大数据环境下的数据质量挑战...' -> '6.1.2 大数据环境下的数据质量挑战 （来自：第2篇-第6章-数据质量管理与测...'
REPLACED chapter\第2篇-第6章-数据质量管理与测试【进阶】.md:9 -- '6.1.1 数据质量的定义与内涵...' -> '6.1.1 数据质量的定义与内涵 （来自：第2篇-第6章-数据质量管理与测试【进...'
REPLACED chapter\第2篇-第6章-数据质量管理与测试【进阶】.md:5 -- '6.1 概述与重要性...' -> '6.1 概述与重要性 （来自：第2篇-第6章-数据质量管理与测试【进阶】）...'
REPLACED chapter\第2篇-第6章-数据质量管理与测试【进阶】.md:1 -- '第6章 数据质量管理与测试【进阶】...' -> '第6章 数据质量管理与测试【进阶】 （来自：第2篇-第6章-数据质量管理与测试【...'
REPLACED chapter\第2篇-第7章-大数据安全测试【进阶】.md:330 -- '7.5 安全测试工具...' -> '7.5 安全测试工具 （来自：第2篇-第7章-大数据安全测试【进阶】）...'
REPLACED chapter\第2篇-第7章-大数据安全测试【进阶】.md:215 -- '7.4 数据加密与脱敏测试...' -> '7.4 数据加密与脱敏测试 （来自：第2篇-第7章-大数据安全测试【进阶】）...'
REPLACED chapter\第2篇-第7章-大数据安全测试【进阶】.md:101 -- '7.3 身份认证与权限测试...' -> '7.3 身份认证与权限测试 （来自：第2篇-第7章-大数据安全测试【进阶】）...'
REPLACED chapter\第2篇-第7章-大数据安全测试【进阶】.md:83 -- '7.2.4 大数据特有安全测试技术...' -> '7.2.4 大数据特有安全测试技术 （来自：第2篇-第7章-大数据安全测试【进阶...'
REPLACED chapter\第2篇-第7章-大数据安全测试【进阶】.md:67 -- '7.2.3 自动化安全测试技术...' -> '7.2.3 自动化安全测试技术 （来自：第2篇-第7章-大数据安全测试【进阶】）...'
REPLACED chapter\第2篇-第7章-大数据安全测试【进阶】.md:53 -- '7.2.2 渗透测试方法...' -> '7.2.2 渗透测试方法 （来自：第2篇-第7章-大数据安全测试【进阶】）...'
REPLACED chapter\第2篇-第7章-大数据安全测试【进阶】.md:40 -- '7.2.1 安全测试方法分类...' -> '7.2.1 安全测试方法分类 （来自：第2篇-第7章-大数据安全测试【进阶】）...'
REPLACED chapter\第2篇-第7章-大数据安全测试【进阶】.md:36 -- '7.2 安全测试方法与技术...' -> '7.2 安全测试方法与技术 （来自：第2篇-第7章-大数据安全测试【进阶】）...'
REPLACED chapter\第2篇-第7章-大数据安全测试【进阶】.md:3 -- '7.1 大数据安全概述...' -> '7.1 大数据安全概述 （来自：第2篇-第7章-大数据安全测试【进阶】）...'
REPLACED chapter\第2篇-第7章-大数据安全测试【进阶】.md:1 -- '第7章 大数据安全测试【进阶】...' -> '第7章 大数据安全测试【进阶】 （来自：第2篇-第7章-大数据安全测试【进阶】）...'
REPLACED chapter\第2篇-第8章-数据分析测试【进阶】.md:38 -- '8.2 BI报表测试方法...' -> '8.2 BI报表测试方法 （来自：第2篇-第8章-数据分析测试【进阶】）...'
REPLACED chapter\第2篇-第8章-数据分析测试【进阶】.md:5 -- '8.1 数据分析测试概述...' -> '8.1 数据分析测试概述 （来自：第2篇-第8章-数据分析测试【进阶】）...'
REPLACED chapter\第2篇-第8章-数据分析测试【进阶】.md:1 -- '第8章 数据分析测试【进阶】...' -> '第8章 数据分析测试【进阶】 （来自：第2篇-第8章-数据分析测试【进阶】）...'
REPLACED chapter\第3篇-大数据测试环境与数据管理【入门_进阶】.md:1 -- '第三篇 大数据测试环境与数据管理【入门/进阶】...' -> '第三篇 大数据测试环境与数据管理【入门/进阶】 （来自：第3篇-大数据测试环境与...'
REPLACED chapter\第3篇-第10章-大数据测试数据管理【进阶】.md:754 -- '10.5.2 敏感数据识别技术...' -> '10.5.2 敏感数据识别技术 （来自：第3篇-第10章-大数据测试数据管理【进...'
REPLACED chapter\第3篇-第10章-大数据测试数据管理【进阶】.md:680 -- '10.5 敏感数据保护测试...' -> '10.5 敏感数据保护测试 （来自：第3篇-第10章-大数据测试数据管理【进阶】...'
REPLACED chapter\第3篇-第10章-大数据测试数据管理【进阶】.md:320 -- '10.4.2 测试数据安全管理框架...' -> '10.4.2 测试数据安全管理框架 （来自：第3篇-第10章-大数据测试数据管理...'
REPLACED chapter\第3篇-第10章-大数据测试数据管理【进阶】.md:302 -- '10.4.1 测试数据安全风险分析...' -> '10.4.1 测试数据安全风险分析 （来自：第3篇-第10章-大数据测试数据管理...'
REPLACED chapter\第3篇-第10章-大数据测试数据管理【进阶】.md:298 -- '10.4 测试数据安全管理...' -> '10.4 测试数据安全管理 （来自：第3篇-第10章-大数据测试数据管理【进阶】...'
REPLACED chapter\第3篇-第10章-大数据测试数据管理【进阶】.md:137 -- '10.3.2 测试数据管理平台的架构设计...' -> '10.3.2 测试数据管理平台的架构设计 （来自：第3篇-第10章-大数据测试数...'
REPLACED chapter\第3篇-第10章-大数据测试数据管理【进阶】.md:112 -- '10.3.1 测试数据管理平台的核心功能...' -> '10.3.1 测试数据管理平台的核心功能 （来自：第3篇-第10章-大数据测试数...'
REPLACED chapter\第3篇-第10章-大数据测试数据管理【进阶】.md:108 -- '10.3 测试数据管理平台...' -> '10.3 测试数据管理平台 （来自：第3篇-第10章-大数据测试数据管理【进阶】...'
REPLACED chapter\第3篇-第10章-大数据测试数据管理【进阶】.md:100 -- '10.2.5 测试数据生成最佳实践...' -> '10.2.5 测试数据生成最佳实践 （来自：第3篇-第10章-大数据测试数据管理...'
REPLACED chapter\第3篇-第10章-大数据测试数据管理【进阶】.md:86 -- '10.2.4 测试数据生成技术与工具...' -> '10.2.4 测试数据生成技术与工具 （来自：第3篇-第10章-大数据测试数据管...'
REPLACED chapter\第3篇-第10章-大数据测试数据管理【进阶】.md:74 -- '10.2.3 测试数据生成策略...' -> '10.2.3 测试数据生成策略 （来自：第3篇-第10章-大数据测试数据管理【进...'
REPLACED chapter\第3篇-第10章-大数据测试数据管理【进阶】.md:67 -- '10.2.2 测试数据设计方法...' -> '10.2.2 测试数据设计方法 （来自：第3篇-第10章-大数据测试数据管理【进...'
REPLACED chapter\第3篇-第10章-大数据测试数据管理【进阶】.md:58 -- '10.2.1 测试数据设计原则...' -> '10.2.1 测试数据设计原则 （来自：第3篇-第10章-大数据测试数据管理【进...'
REPLACED chapter\第3篇-第10章-大数据测试数据管理【进阶】.md:54 -- '10.2 测试数据设计与生成策略...' -> '10.2 测试数据设计与生成策略 （来自：第3篇-第10章-大数据测试数据管理【...'
REPLACED chapter\第3篇-第10章-大数据测试数据管理【进阶】.md:41 -- '10.1.4 测试数据需求文档...' -> '10.1.4 测试数据需求文档 （来自：第3篇-第10章-大数据测试数据管理【进...'
REPLACED chapter\第3篇-第10章-大数据测试数据管理【进阶】.md:33 -- '10.1.3 测试数据需求分析的方法...' -> '10.1.3 测试数据需求分析的方法 （来自：第3篇-第10章-大数据测试数据管...'
REPLACED chapter\第3篇-第10章-大数据测试数据管理【进阶】.md:24 -- '10.1.2 测试数据需求分析的维度...' -> '10.1.2 测试数据需求分析的维度 （来自：第3篇-第10章-大数据测试数据管...'
REPLACED chapter\第3篇-第10章-大数据测试数据管理【进阶】.md:17 -- '10.1.1 测试数据需求分析的重要性...' -> '10.1.1 测试数据需求分析的重要性 （来自：第3篇-第10章-大数据测试数据...'
REPLACED chapter\第3篇-第10章-大数据测试数据管理【进阶】.md:13 -- '10.1 测试数据需求分析...' -> '10.1 测试数据需求分析 （来自：第3篇-第10章-大数据测试数据管理【进阶】...'
REPLACED chapter\第3篇-第10章-大数据测试数据管理【进阶】.md:3 -- '第10章 大数据测试数据管理【进阶】...' -> '第10章 大数据测试数据管理【进阶】 （来自：第3篇-第10章-大数据测试数据管...'
REPLACED chapter\第4篇-大数据测试自动化与工具【进阶】.md:997 -- '13.6 性能监控与基准测试...' -> '13.6 性能监控与基准测试 （来自：第4篇-大数据测试自动化与工具【进阶】）...'
REPLACED chapter\第4篇-大数据测试自动化与工具【进阶】.md:977 -- '告警通知测试...' -> '告警通知测试 （来自：第4篇-大数据测试自动化与工具【进阶】）...'
REPLACED chapter\第4篇-大数据测试自动化与工具【进阶】.md:927 -- '13.5 告警系统测试...' -> '13.5 告警系统测试 （来自：第4篇-大数据测试自动化与工具【进阶】）...'
REPLACED chapter\第4篇-大数据测试自动化与工具【进阶】.md:857 -- '13.4 分布式追踪测试...' -> '13.4 分布式追踪测试 （来自：第4篇-大数据测试自动化与工具【进阶】）...'
REPLACED chapter\第4篇-大数据测试自动化与工具【进阶】.md:777 -- '13.3 日志分析与验证...' -> '13.3 日志分析与验证 （来自：第4篇-大数据测试自动化与工具【进阶】）...'
REPLACED chapter\第4篇-大数据测试自动化与工具【进阶】.md:646 -- '13.2 指标监控测试技术...' -> '13.2 指标监控测试技术 （来自：第4篇-大数据测试自动化与工具【进阶】）...'
REPLACED chapter\第4篇-大数据测试自动化与工具【进阶】.md:576 -- '13.1 可观测性测试概述...' -> '13.1 可观测性测试概述 （来自：第4篇-大数据测试自动化与工具【进阶】）...'
REPLACED chapter\第4篇-大数据测试自动化与工具【进阶】.md:566 -- '第13章 大数据系统可观测性与监控测试【进阶】...' -> '第13章 大数据系统可观测性与监控测试【进阶】 （来自：第4篇-大数据测试自动化...'
REPLACED chapter\第4篇-大数据测试自动化与工具【进阶】.md:505 -- '12.4 安全测试工具...' -> '12.4 安全测试工具 （来自：第4篇-大数据测试自动化与工具【进阶】）...'
REPLACED chapter\第4篇-大数据测试自动化与工具【进阶】.md:435 -- '12.3 数据质量测试工具...' -> '12.3 数据质量测试工具 （来自：第4篇-大数据测试自动化与工具【进阶】）...'
REPLACED chapter\第4篇-大数据测试自动化与工具【进阶】.md:358 -- '12.2 性能测试工具...' -> '12.2 性能测试工具 （来自：第4篇-大数据测试自动化与工具【进阶】）...'
REPLACED chapter\第4篇-大数据测试自动化与工具【进阶】.md:294 -- '12.1 功能测试工具...' -> '12.1 功能测试工具 （来自：第4篇-大数据测试自动化与工具【进阶】）...'
REPLACED chapter\第4篇-大数据测试自动化与工具【进阶】.md:292 -- '第12章 大数据测试工具详解【进阶】...' -> '第12章 大数据测试工具详解【进阶】 （来自：第4篇-大数据测试自动化与工具【进...'
REPLACED chapter\第4篇-大数据测试自动化与工具【进阶】.md:151 -- '11.3 测试自动化核心组件...' -> '11.3 测试自动化核心组件 （来自：第4篇-大数据测试自动化与工具【进阶】）...'
REPLACED chapter\第4篇-大数据测试自动化与工具【进阶】.md:90 -- '11.2 测试自动化框架设计...' -> '11.2 测试自动化框架设计 （来自：第4篇-大数据测试自动化与工具【进阶】）...'
REPLACED chapter\第4篇-大数据测试自动化与工具【进阶】.md:42 -- '11.1 自动化测试概述...' -> '11.1 自动化测试概述 （来自：第4篇-大数据测试自动化与工具【进阶】）...'
REPLACED chapter\第4篇-大数据测试自动化与工具【进阶】.md:40 -- '第11章 大数据测试自动化基础【进阶】...' -> '第11章 大数据测试自动化基础【进阶】 （来自：第4篇-大数据测试自动化与工具【...'
REPLACED chapter\第4篇-大数据测试自动化与工具【进阶】.md:1 -- '第四篇 大数据测试自动化与工具【进阶】...' -> '第四篇 大数据测试自动化与工具【进阶】 （来自：第4篇-大数据测试自动化与工具【...'
REPLACED chapter\第4篇-第11章-大数据测试自动化基础【进阶】.md:341 -- '11.4 测试自动化技术选型...' -> '11.4 测试自动化技术选型 （来自：第4篇-第11章-大数据测试自动化基础【进...'
REPLACED chapter\第4篇-第11章-大数据测试自动化基础【进阶】.md:221 -- '11.3.2 测试数据管理组件...' -> '11.3.2 测试数据管理组件 （来自：第4篇-第11章-大数据测试自动化基础【...'
REPLACED chapter\第4篇-第11章-大数据测试自动化基础【进阶】.md:201 -- '11.3 测试自动化核心组件...' -> '11.3 测试自动化核心组件 （来自：第4篇-第11章-大数据测试自动化基础【进...'
REPLACED chapter\第4篇-第11章-大数据测试自动化基础【进阶】.md:109 -- '11.2.1.3 可维护性原则...' -> '11.2.1.3 可维护性原则 （来自：第4篇-第11章-大数据测试自动化基础【...'
REPLACED chapter\第4篇-第11章-大数据测试自动化基础【进阶】.md:103 -- '11.2.1.2 可靠性原则...' -> '11.2.1.2 可靠性原则 （来自：第4篇-第11章-大数据测试自动化基础【进...'
REPLACED chapter\第4篇-第11章-大数据测试自动化基础【进阶】.md:97 -- '11.2.1.1 可扩展性原则...' -> '11.2.1.1 可扩展性原则 （来自：第4篇-第11章-大数据测试自动化基础【...'
REPLACED chapter\第4篇-第11章-大数据测试自动化基础【进阶】.md:93 -- '11.2.1 框架设计原则...' -> '11.2.1 框架设计原则 （来自：第4篇-第11章-大数据测试自动化基础【进阶...'
REPLACED chapter\第4篇-第11章-大数据测试自动化基础【进阶】.md:91 -- '11.2 测试自动化框架设计...' -> '11.2 测试自动化框架设计 （来自：第4篇-第11章-大数据测试自动化基础【进...'
REPLACED chapter\第4篇-第11章-大数据测试自动化基础【进阶】.md:11 -- '11.1 自动化测试概述...' -> '11.1 自动化测试概述 （来自：第4篇-第11章-大数据测试自动化基础【进阶】...'
REPLACED chapter\第4篇-第11章-大数据测试自动化基础【进阶】.md:1 -- '第11章 大数据测试自动化基础【进阶】...' -> '第11章 大数据测试自动化基础【进阶】 （来自：第4篇-第11章-大数据测试自动...'
REPLACED chapter\第4篇-第12章-大数据测试工具详解【进阶】.md:803 -- 'HDFS-Spy...' -> 'HDFS-Spy （来自：第4篇-第12章-大数据测试工具详解【进阶】）...'
REPLACED chapter\第4篇-第12章-大数据测试工具详解【进阶】.md:784 -- 'Cloudera Navigator...' -> 'Cloudera Navigator （来自：第4篇-第12章-大数据测试工具详...'
REPLACED chapter\第4篇-第12章-大数据测试工具详解【进阶】.md:765 -- 'Apache Ranger...' -> 'Apache Ranger （来自：第4篇-第12章-大数据测试工具详解【进阶】...'
REPLACED chapter\第4篇-第12章-大数据测试工具详解【进阶】.md:744 -- 'Fortify...' -> 'Fortify （来自：第4篇-第12章-大数据测试工具详解【进阶】）...'
REPLACED chapter\第4篇-第12章-大数据测试工具详解【进阶】.md:725 -- 'Checkmarx...' -> 'Checkmarx （来自：第4篇-第12章-大数据测试工具详解【进阶】）...'
REPLACED chapter\第4篇-第12章-大数据测试工具详解【进阶】.md:706 -- 'SonarQube...' -> 'SonarQube （来自：第4篇-第12章-大数据测试工具详解【进阶】）...'
REPLACED chapter\第4篇-第12章-大数据测试工具详解【进阶】.md:685 -- 'OpenVAS...' -> 'OpenVAS （来自：第4篇-第12章-大数据测试工具详解【进阶】）...'
REPLACED chapter\第4篇-第12章-大数据测试工具详解【进阶】.md:666 -- 'Nessus...' -> 'Nessus （来自：第4篇-第12章-大数据测试工具详解【进阶】）...'
REPLACED chapter\第4篇-第12章-大数据测试工具详解【进阶】.md:647 -- 'OWASP ZAP (Zed Attack Proxy)...' -> 'OWASP ZAP (Zed Attack Proxy) （来自：第4篇-第12...'
REPLACED chapter\第4篇-第12章-大数据测试工具详解【进阶】.md:641 -- '12.4 安全测试工具...' -> '12.4 安全测试工具 （来自：第4篇-第12章-大数据测试工具详解【进阶】）...'
REPLACED chapter\第4篇-第12章-大数据测试工具详解【进阶】.md:622 -- 'Informatica Enterprise Data Catalog...' -> 'Informatica Enterprise Data Catalog （来自：...'
REPLACED chapter\第4篇-第12章-大数据测试工具详解【进阶】.md:603 -- 'Collibra...' -> 'Collibra （来自：第4篇-第12章-大数据测试工具详解【进阶】）...'
REPLACED chapter\第4篇-第12章-大数据测试工具详解【进阶】.md:584 -- 'Apache Atlas...' -> 'Apache Atlas （来自：第4篇-第12章-大数据测试工具详解【进阶】）...'
REPLACED chapter\第4篇-第12章-大数据测试工具详解【进阶】.md:563 -- 'Databunker...' -> 'Databunker （来自：第4篇-第12章-大数据测试工具详解【进阶】）...'
REPLACED chapter\第4篇-第12章-大数据测试工具详解【进阶】.md:544 -- 'Deequ...' -> 'Deequ （来自：第4篇-第12章-大数据测试工具详解【进阶】）...'
REPLACED chapter\第4篇-第12章-大数据测试工具详解【进阶】.md:521 -- 'Apache Griffin...' -> 'Apache Griffin （来自：第4篇-第12章-大数据测试工具详解【进阶...'
REPLACED chapter\第4篇-第12章-大数据测试工具详解【进阶】.md:500 -- 'Talend Data Quality...' -> 'Talend Data Quality （来自：第4篇-第12章-大数据测试工具...'
REPLACED chapter\第4篇-第12章-大数据测试工具详解【进阶】.md:481 -- 'Soda Core...' -> 'Soda Core （来自：第4篇-第12章-大数据测试工具详解【进阶】）...'
REPLACED chapter\第4篇-第12章-大数据测试工具详解【进阶】.md:458 -- 'Great Expectations...' -> 'Great Expectations （来自：第4篇-第12章-大数据测试工具详...'
REPLACED chapter\第4篇-第12章-大数据测试工具详解【进阶】.md:452 -- '12.3 数据质量测试工具...' -> '12.3 数据质量测试工具 （来自：第4篇-第12章-大数据测试工具详解【进阶】...'
REPLACED chapter\第4篇-第12章-大数据测试工具详解【进阶】.md:429 -- 'New Relic...' -> 'New Relic （来自：第4篇-第12章-大数据测试工具详解【进阶】）...'
REPLACED chapter\第4篇-第12章-大数据测试工具详解【进阶】.md:410 -- 'Datadog...' -> 'Datadog （来自：第4篇-第12章-大数据测试工具详解【进阶】）...'
REPLACED chapter\第4篇-第12章-大数据测试工具详解【进阶】.md:391 -- 'Prometheus + Grafana...' -> 'Prometheus + Grafana （来自：第4篇-第12章-大数据测试工...'
REPLACED chapter\第4篇-第12章-大数据测试工具详解【进阶】.md:365 -- 'YCSB (Yahoo! Cloud Serving Benchmark)...' -> 'YCSB (Yahoo! Cloud Serving Benchmark) （来...'
REPLACED chapter\第4篇-第12章-大数据测试工具详解【进阶】.md:346 -- 'TPC-H...' -> 'TPC-H （来自：第4篇-第12章-大数据测试工具详解【进阶】）...'
REPLACED chapter\第4篇-第12章-大数据测试工具详解【进阶】.md:322 -- 'TPC-DS...' -> 'TPC-DS （来自：第4篇-第12章-大数据测试工具详解【进阶】）...'
REPLACED chapter\第4篇-第12章-大数据测试工具详解【进阶】.md:297 -- 'HiBench...' -> 'HiBench （来自：第4篇-第12章-大数据测试工具详解【进阶】）...'
REPLACED chapter\第4篇-第12章-大数据测试工具详解【进阶】.md:276 -- 'k6...' -> 'k6 （来自：第4篇-第12章-大数据测试工具详解【进阶】）...'
REPLACED chapter\第4篇-第12章-大数据测试工具详解【进阶】.md:257 -- 'Locust...' -> 'Locust （来自：第4篇-第12章-大数据测试工具详解【进阶】）...'
REPLACED chapter\第4篇-第12章-大数据测试工具详解【进阶】.md:238 -- 'Gatling...' -> 'Gatling （来自：第4篇-第12章-大数据测试工具详解【进阶】）...'
REPLACED chapter\第4篇-第12章-大数据测试工具详解【进阶】.md:215 -- 'JMeter...' -> 'JMeter （来自：第4篇-第12章-大数据测试工具详解【进阶】）...'
REPLACED chapter\第4篇-第12章-大数据测试工具详解【进阶】.md:209 -- '12.2 性能测试工具...' -> '12.2 性能测试工具 （来自：第4篇-第12章-大数据测试工具详解【进阶】）...'
REPLACED chapter\第4篇-第12章-大数据测试工具详解【进阶】.md:191 -- 'Kafka Streams Test Utils...' -> 'Kafka Streams Test Utils （来自：第4篇-第12章-大数...'
REPLACED chapter\第4篇-第12章-大数据测试工具详解【进阶】.md:173 -- 'Hadoop MiniCluster...' -> 'Hadoop MiniCluster （来自：第4篇-第12章-大数据测试工具详...'
REPLACED chapter\第4篇-第12章-大数据测试工具详解【进阶】.md:155 -- 'Spark Testing Base...' -> 'Spark Testing Base （来自：第4篇-第12章-大数据测试工具详...'
REPLACED chapter\第4篇-第12章-大数据测试工具详解【进阶】.md:134 -- 'Playwright...' -> 'Playwright （来自：第4篇-第12章-大数据测试工具详解【进阶】）...'
REPLACED chapter\第4篇-第12章-大数据测试工具详解【进阶】.md:114 -- 'Cypress...' -> 'Cypress （来自：第4篇-第12章-大数据测试工具详解【进阶】）...'
REPLACED chapter\第4篇-第12章-大数据测试工具详解【进阶】.md:95 -- 'Selenium...' -> 'Selenium （来自：第4篇-第12章-大数据测试工具详解【进阶】）...'
REPLACED chapter\第4篇-第12章-大数据测试工具详解【进阶】.md:74 -- 'Pytest+requests...' -> 'Pytest+requests （来自：第4篇-第12章-大数据测试工具详解【进...'
REPLACED chapter\第4篇-第12章-大数据测试工具详解【进阶】.md:55 -- 'RestAssured...' -> 'RestAssured （来自：第4篇-第12章-大数据测试工具详解【进阶】）...'
REPLACED chapter\第4篇-第12章-大数据测试工具详解【进阶】.md:36 -- 'JMeter...' -> 'JMeter （来自：第4篇-第12章-大数据测试工具详解【进阶】）...'
REPLACED chapter\第4篇-第12章-大数据测试工具详解【进阶】.md:17 -- 'Postman...' -> 'Postman （来自：第4篇-第12章-大数据测试工具详解【进阶】）...'
REPLACED chapter\第4篇-第12章-大数据测试工具详解【进阶】.md:11 -- '12.1 功能测试工具...' -> '12.1 功能测试工具 （来自：第4篇-第12章-大数据测试工具详解【进阶】）...'
REPLACED chapter\第4篇-第12章-大数据测试工具详解【进阶】.md:1 -- '第12章 大数据测试工具详解【进阶】...' -> '第12章 大数据测试工具详解【进阶】 （来自：第4篇-第12章-大数据测试工具详...'
REPLACED chapter\第4篇-第13章-大数据系统可观测性与监控测试【进阶】.md:4059 -- '总结...' -> '总结 （来自：第4篇-第13章-大数据系统可观测性与监控测试【进阶】）...'
REPLACED chapter\第4篇-第13章-大数据系统可观测性与监控测试【进阶】.md:3538 -- '13.6 性能监控与基准测试...' -> '13.6 性能监控与基准测试 （来自：第4篇-第13章-大数据系统可观测性与监控...'
REPLACED chapter\第4篇-第13章-大数据系统可观测性与监控测试【进阶】.md:3224 -- '13.5 告警系统测试...' -> '13.5 告警系统测试 （来自：第4篇-第13章-大数据系统可观测性与监控测试【...'
REPLACED chapter\第4篇-第13章-大数据系统可观测性与监控测试【进阶】.md:3185 -- '采样策略测试...' -> '采样策略测试 （来自：第4篇-第13章-大数据系统可观测性与监控测试【进阶】）...'
REPLACED chapter\第4篇-第13章-大数据系统可观测性与监控测试【进阶】.md:3079 -- '上下文传播测试...' -> '上下文传播测试 （来自：第4篇-第13章-大数据系统可观测性与监控测试【进阶】）...'
REPLACED chapter\第4篇-第13章-大数据系统可观测性与监控测试【进阶】.md:3015 -- '13.4 分布式追踪测试...' -> '13.4 分布式追踪测试 （来自：第4篇-第13章-大数据系统可观测性与监控测试...'
REPLACED chapter\第4篇-第13章-大数据系统可观测性与监控测试【进阶】.md:2938 -- '日志收集测试...' -> '日志收集测试 （来自：第4篇-第13章-大数据系统可观测性与监控测试【进阶】）...'
REPLACED chapter\第4篇-第13章-大数据系统可观测性与监控测试【进阶】.md:2916 -- '日志级别测试...' -> '日志级别测试 （来自：第4篇-第13章-大数据系统可观测性与监控测试【进阶】）...'
REPLACED chapter\第4篇-第13章-大数据系统可观测性与监控测试【进阶】.md:2900 -- '13.3 日志分析与验证...' -> '13.3 日志分析与验证 （来自：第4篇-第13章-大数据系统可观测性与监控测试...'
REPLACED chapter\第4篇-第13章-大数据系统可观测性与监控测试【进阶】.md:2889 -- '告警噪音控制测试...' -> '告警噪音控制测试 （来自：第4篇-第13章-大数据系统可观测性与监控测试【进阶】...'
REPLACED chapter\第4篇-第13章-大数据系统可观测性与监控测试【进阶】.md:2879 -- '告警通知测试...' -> '告警通知测试 （来自：第4篇-第13章-大数据系统可观测性与监控测试【进阶】）...'
REPLACED chapter\第4篇-第13章-大数据系统可观测性与监控测试【进阶】.md:2868 -- '告警规则测试...' -> '告警规则测试 （来自：第4篇-第13章-大数据系统可观测性与监控测试【进阶】）...'
REPLACED chapter\第4篇-第13章-大数据系统可观测性与监控测试【进阶】.md:2866 -- '13.2.4 告警机制测试...' -> '13.2.4 告警机制测试 （来自：第4篇-第13章-大数据系统可观测性与监控测...'
REPLACED chapter\第4篇-第13章-大数据系统可观测性与监控测试【进阶】.md:2854 -- 'Grafana测试...' -> 'Grafana测试 （来自：第4篇-第13章-大数据系统可观测性与监控测试【进阶...'
REPLACED chapter\第4篇-第13章-大数据系统可观测性与监控测试【进阶】.md:2842 -- 'Prometheus测试...' -> 'Prometheus测试 （来自：第4篇-第13章-大数据系统可观测性与监控测试...'
REPLACED chapter\第4篇-第13章-大数据系统可观测性与监控测试【进阶】.md:2840 -- '13.2.3 指标监控平台测试...' -> '13.2.3 指标监控平台测试 （来自：第4篇-第13章-大数据系统可观测性与监...'
REPLACED chapter\第4篇-第13章-大数据系统可观测性与监控测试【进阶】.md:2830 -- '指标实时性测试...' -> '指标实时性测试 （来自：第4篇-第13章-大数据系统可观测性与监控测试【进阶】）...'
REPLACED chapter\第4篇-第13章-大数据系统可观测性与监控测试【进阶】.md:2820 -- '指标准确性测试...' -> '指标准确性测试 （来自：第4篇-第13章-大数据系统可观测性与监控测试【进阶】）...'
REPLACED chapter\第4篇-第13章-大数据系统可观测性与监控测试【进阶】.md:2810 -- '指标覆盖测试...' -> '指标覆盖测试 （来自：第4篇-第13章-大数据系统可观测性与监控测试【进阶】）...'
REPLACED chapter\第4篇-第13章-大数据系统可观测性与监控测试【进阶】.md:2808 -- '13.2.2 指标采集测试方法...' -> '13.2.2 指标采集测试方法 （来自：第4篇-第13章-大数据系统可观测性与监...'
REPLACED chapter\第4篇-第13章-大数据系统可观测性与监控测试【进阶】.md:2791 -- '技术指标...' -> '技术指标 （来自：第4篇-第13章-大数据系统可观测性与监控测试【进阶】）...'
REPLACED chapter\第4篇-第13章-大数据系统可观测性与监控测试【进阶】.md:2775 -- '业务指标...' -> '业务指标 （来自：第4篇-第13章-大数据系统可观测性与监控测试【进阶】）...'
REPLACED chapter\第4篇-第13章-大数据系统可观测性与监控测试【进阶】.md:2773 -- '13.2.1 指标分类与关键指标识别...' -> '13.2.1 指标分类与关键指标识别 （来自：第4篇-第13章-大数据系统可观测...'
REPLACED chapter\第4篇-第13章-大数据系统可观测性与监控测试【进阶】.md:2769 -- '13.2 指标监控测试技术...' -> '13.2 指标监控测试技术 （来自：第4篇-第13章-大数据系统可观测性与监控测...'
REPLACED chapter\第4篇-第13章-大数据系统可观测性与监控测试【进阶】.md:2760 -- '测试策略设计...' -> '测试策略设计 （来自：第4篇-第13章-大数据系统可观测性与监控测试【进阶】）...'
REPLACED chapter\第4篇-第13章-大数据系统可观测性与监控测试【进阶】.md:2752 -- '测试框架架构...' -> '测试框架架构 （来自：第4篇-第13章-大数据系统可观测性与监控测试【进阶】）...'
REPLACED chapter\第4篇-第13章-大数据系统可观测性与监控测试【进阶】.md:2750 -- '13.1.3 可观测性测试框架设计...' -> '13.1.3 可观测性测试框架设计 （来自：第4篇-第13章-大数据系统可观测性...'
REPLACED chapter\第4篇-第13章-大数据系统可观测性与监控测试【进阶】.md:2740 -- '13.1.2 可观测性测试的核心挑战...' -> '13.1.2 可观测性测试的核心挑战 （来自：第4篇-第13章-大数据系统可观测...'
REPLACED chapter\第4篇-第13章-大数据系统可观测性与监控测试【进阶】.md:1879 -- '日志分析...' -> '日志分析 （来自：第4篇-第13章-大数据系统可观测性与监控测试【进阶】）...'
REPLACED chapter\第4篇-第13章-大数据系统可观测性与监控测试【进阶】.md:649 -- '指标监控...' -> '指标监控 （来自：第4篇-第13章-大数据系统可观测性与监控测试【进阶】）...'
REPLACED chapter\第4篇-第13章-大数据系统可观测性与监控测试【进阶】.md:17 -- '分布式追踪...' -> '分布式追踪 （来自：第4篇-第13章-大数据系统可观测性与监控测试【进阶】）...'
REPLACED chapter\第4篇-第13章-大数据系统可观测性与监控测试【进阶】.md:15 -- '13.1.1 可观测性三大支柱...' -> '13.1.1 可观测性三大支柱 （来自：第4篇-第13章-大数据系统可观测性与监...'
REPLACED chapter\第4篇-第13章-大数据系统可观测性与监控测试【进阶】.md:11 -- '13.1 可观测性测试概述...' -> '13.1 可观测性测试概述 （来自：第4篇-第13章-大数据系统可观测性与监控测...'
REPLACED chapter\第4篇-第13章-大数据系统可观测性与监控测试【进阶】.md:1 -- '第13章 大数据系统可观测性与监控测试【进阶】...' -> '第13章 大数据系统可观测性与监控测试【进阶】 （来自：第4篇-第13章-大数据...'
REPLACED chapter\第5篇-大数据测试实战与案例分析【专家】.md:23 -- '第 16 章 大数据测试项目实施与实战经验【专家】...' -> '第 16 章 大数据测试项目实施与实战经验【专家】 （来自：第5篇-大数据测试实...'
REPLACED chapter\第5篇-大数据测试实战与案例分析【专家】.md:13 -- '第 15 章 行业大数据测试案例分析【专家】...' -> '第 15 章 行业大数据测试案例分析【专家】 （来自：第5篇-大数据测试实战与案...'
REPLACED chapter\第5篇-大数据测试实战与案例分析【专家】.md:5 -- '第 14 章 大数据测试案例设计【进阶】...' -> '第 14 章 大数据测试案例设计【进阶】 （来自：第5篇-大数据测试实战与案例分...'
REPLACED chapter\第5篇-大数据测试实战与案例分析【专家】.md:1 -- '第五篇 大数据测试实战与案例分析【专家】...' -> '第五篇 大数据测试实战与案例分析【专家】 （来自：第5篇-大数据测试实战与案例分...'
REPLACED chapter\第5篇-第14章-大数据测试案例设计【进阶】.md:1305 -- '总结...' -> '总结 （来自：第5篇-第14章-大数据测试案例设计【进阶】）...'
REPLACED chapter\第5篇-第14章-大数据测试案例设计【进阶】.md:789 -- '14.5 安全测试场景设计...' -> '14.5 安全测试场景设计 （来自：第5篇-第14章-大数据测试案例设计【进阶】...'
REPLACED chapter\第5篇-第14章-大数据测试案例设计【进阶】.md:567 -- '14.4 数据质量测试用例设计...' -> '14.4 数据质量测试用例设计 （来自：第5篇-第14章-大数据测试案例设计【进...'
REPLACED chapter\第5篇-第14章-大数据测试案例设计【进阶】.md:277 -- '14.3 性能测试场景设计...' -> '14.3 性能测试场景设计 （来自：第5篇-第14章-大数据测试案例设计【进阶】...'
REPLACED chapter\第5篇-第14章-大数据测试案例设计【进阶】.md:59 -- '14.2 功能测试案例设计...' -> '14.2 功能测试案例设计 （来自：第5篇-第14章-大数据测试案例设计【进阶】...'
REPLACED chapter\第5篇-第14章-大数据测试案例设计【进阶】.md:11 -- '14.1 测试案例设计原则...' -> '14.1 测试案例设计原则 （来自：第5篇-第14章-大数据测试案例设计【进阶】...'
REPLACED chapter\第6篇-大数据测试趋势与展望【专家】.md:1 -- '第六篇 大数据测试趋势与展望【专家】...' -> '第六篇 大数据测试趋势与展望【专家】 （来自：第6篇-大数据测试趋势与展望【专家...'
REPLACED chapter\第6篇-第18章-大规模数据处理性能测试【专家】.md:1773 -- '18.6 性能测试工具与实践...' -> '18.6 性能测试工具与实践 （来自：第6篇-第18章-大规模数据处理性能测试【...'
REPLACED chapter\第6篇-第18章-大规模数据处理性能测试【专家】.md:1750 -- '18.5 扩展性与弹性测试...' -> '18.5 扩展性与弹性测试 （来自：第6篇-第18章-大规模数据处理性能测试【专...'
REPLACED chapter\第6篇-第18章-大规模数据处理性能测试【专家】.md:1727 -- '18.4 大数据量测试策略与技术...' -> '18.4 大数据量测试策略与技术 （来自：第6篇-第18章-大规模数据处理性能测...'
REPLACED chapter\第6篇-第18章-大规模数据处理性能测试【专家】.md:963 -- '18.3 分布式系统性能瓶颈分析...' -> '18.3 分布式系统性能瓶颈分析 （来自：第6篇-第18章-大规模数据处理性能测...'
REPLACED chapter\第6篇-第18章-大规模数据处理性能测试【专家】.md:426 -- '18.2 性能基线建立与维护...' -> '18.2 性能基线建立与维护 （来自：第6篇-第18章-大规模数据处理性能测试【...'
REPLACED chapter\第6篇-第18章-大规模数据处理性能测试【专家】.md:13 -- '18.1 性能测试方法论...' -> '18.1 性能测试方法论 （来自：第6篇-第18章-大规模数据处理性能测试【专家...'
REPLACED chapter\第6篇-第19章-CI_CD、GitOps与运维治理【专家】.md:156 -- '19.6.4 持续测试文化与团队协作...' -> '19.6.4 持续测试文化与团队协作 （来自：第6篇-第19章-CI_CD、Gi...'
REPLACED chapter\第6篇-第19章-CI_CD、GitOps与运维治理【专家】.md:149 -- '19.6.3 测试自动化维护与治理...' -> '19.6.3 测试自动化维护与治理 （来自：第6篇-第19章-CI_CD、Git...'
REPLACED chapter\第6篇-第19章-CI_CD、GitOps与运维治理【专家】.md:136 -- '19.6 持续交付最佳实践...' -> '19.6 持续交付最佳实践 （来自：第6篇-第19章-CI_CD、GitOps与...'
REPLACED chapter\第6篇-第19章-CI_CD、GitOps与运维治理【专家】.md:115 -- '19.5.1 运维治理框架...' -> '19.5.1 运维治理框架 （来自：第6篇-第19章-CI_CD、GitOps与...'
REPLACED chapter\第6篇-第19章-CI_CD、GitOps与运维治理【专家】.md:113 -- '19.5 运维治理与合规检查...' -> '19.5 运维治理与合规检查 （来自：第6篇-第19章-CI_CD、GitOps...'
REPLACED chapter\第6篇-第19章-CI_CD、GitOps与运维治理【专家】.md:107 -- '19.4.3 契约测试实现...' -> '19.4.3 契约测试实现 （来自：第6篇-第19章-CI_CD、GitOps与...'
REPLACED chapter\第6篇-第19章-CI_CD、GitOps与运维治理【专家】.md:101 -- '19.4.2 PromQL断言示例...' -> '19.4.2 PromQL断言示例 （来自：第6篇-第19章-CI_CD、Git...'
REPLACED chapter\第6篇-第19章-CI_CD、GitOps与运维治理【专家】.md:91 -- '19.4 测试断言与质量门禁...' -> '19.4 测试断言与质量门禁 （来自：第6篇-第19章-CI_CD、GitOps...'
REPLACED chapter\第6篇-第19章-CI_CD、GitOps与运维治理【专家】.md:84 -- '19.3.3 验证策略...' -> '19.3.3 验证策略 （来自：第6篇-第19章-CI_CD、GitOps与运维...'
REPLACED chapter\第6篇-第19章-CI_CD、GitOps与运维治理【专家】.md:69 -- '19.3.1 质量门设计原则...' -> '19.3.1 质量门设计原则 （来自：第6篇-第19章-CI_CD、GitOps...'
REPLACED chapter\第6篇-第19章-CI_CD、GitOps与运维治理【专家】.md:67 -- '19.3 发布质量门与验证策略...' -> '19.3 发布质量门与验证策略 （来自：第6篇-第19章-CI_CD、GitOp...'
REPLACED chapter\第6篇-第19章-CI_CD、GitOps与运维治理【专家】.md:60 -- '19.2.3 自动化部署实践...' -> '19.2.3 自动化部署实践 （来自：第6篇-第19章-CI_CD、GitOps...'
REPLACED chapter\第6篇-第19章-CI_CD、GitOps与运维治理【专家】.md:53 -- '19.2.2 GitOps工具链...' -> '19.2.2 GitOps工具链 （来自：第6篇-第19章-CI_CD、GitO...'
REPLACED chapter\第6篇-第19章-CI_CD、GitOps与运维治理【专家】.md:45 -- '19.2.1 GitOps核心原则...' -> '19.2.1 GitOps核心原则 （来自：第6篇-第19章-CI_CD、Git...'
REPLACED chapter\第6篇-第19章-CI_CD、GitOps与运维治理【专家】.md:43 -- '19.2 GitOps工作流与自动化部署...' -> '19.2 GitOps工作流与自动化部署 （来自：第6篇-第19章-CI_CD、...'
REPLACED chapter\第6篇-第19章-CI_CD、GitOps与运维治理【专家】.md:35 -- '19.1.4 大数据环境特殊配置...' -> '19.1.4 大数据环境特殊配置 （来自：第6篇-第19章-CI_CD、GitO...'
REPLACED chapter\第6篇-第19章-CI_CD、GitOps与运维治理【专家】.md:28 -- '19.1.3 GitLab CI/CD配置...' -> '19.1.3 GitLab CI/CD配置 （来自：第6篇-第19章-CI_CD...'
REPLACED chapter\第6篇-第19章-CI_CD、GitOps与运维治理【专家】.md:21 -- '19.1.2 Jenkins安装与配置...' -> '19.1.2 Jenkins安装与配置 （来自：第6篇-第19章-CI_CD、G...'
REPLACED chapter\第6篇-第19章-CI_CD、GitOps与运维治理【专家】.md:13 -- '19.1.1 主流CI/CD工具比较与选择...' -> '19.1.1 主流CI/CD工具比较与选择 （来自：第6篇-第19章-CI_CD...'
REPLACED chapter\第6篇-第19章-CI_CD、GitOps与运维治理【专家】.md:11 -- '19.1 CI/CD流水线设计与实践...' -> '19.1 CI/CD流水线设计与实践 （来自：第6篇-第19章-CI_CD、Gi...'
REPLACED chapter\第6篇-第20章-技术与方法演进【专家】.md:163 -- '20.3.3 示例仓版本化...' -> '20.3.3 示例仓版本化 （来自：第6篇-第20章-技术与方法演进【专家】）...'
REPLACED chapter\第6篇-第20章-技术与方法演进【专家】.md:147 -- '20.3.2 模块化断言库...' -> '20.3.2 模块化断言库 （来自：第6篇-第20章-技术与方法演进【专家】）...'
REPLACED chapter\第6篇-第20章-技术与方法演进【专家】.md:131 -- '20.3.1 小步快跑...' -> '20.3.1 小步快跑 （来自：第6篇-第20章-技术与方法演进【专家】）...'
REPLACED chapter\第6篇-第20章-技术与方法演进【专家】.md:129 -- '20.3 推荐采纳策略...' -> '20.3 推荐采纳策略 （来自：第6篇-第20章-技术与方法演进【专家】）...'
REPLACED chapter\第6篇-第20章-技术与方法演进【专家】.md:115 -- '20.2.4 断言引擎发展...' -> '20.2.4 断言引擎发展 （来自：第6篇-第20章-技术与方法演进【专家】）...'
REPLACED chapter\第6篇-第20章-技术与方法演进【专家】.md:99 -- '20.2.3 Lakehouse架构支持...' -> '20.2.3 Lakehouse架构支持 （来自：第6篇-第20章-技术与方法演...'
REPLACED chapter\第6篇-第20章-技术与方法演进【专家】.md:83 -- '20.2.2 示例仓建设...' -> '20.2.2 示例仓建设 （来自：第6篇-第20章-技术与方法演进【专家】）...'
REPLACED chapter\第6篇-第20章-技术与方法演进【专家】.md:69 -- '20.2.1 容器化部署...' -> '20.2.1 容器化部署 （来自：第6篇-第20章-技术与方法演进【专家】）...'
REPLACED chapter\第6篇-第20章-技术与方法演进【专家】.md:67 -- '20.2 工具与平台趋势...' -> '20.2 工具与平台趋势 （来自：第6篇-第20章-技术与方法演进【专家】）...'
REPLACED chapter\第6篇-第20章-技术与方法演进【专家】.md:60 -- '20.1.4 实施案例...' -> '20.1.4 实施案例 （来自：第6篇-第20章-技术与方法演进【专家】）...'
REPLACED chapter\第6篇-第20章-技术与方法演进【专家】.md:45 -- '分布式追踪...' -> '分布式追踪 （来自：第6篇-第20章-技术与方法演进【专家】）...'
REPLACED chapter\第6篇-第20章-技术与方法演进【专家】.md:43 -- '20.1.3 全栈可观测性测试...' -> '20.1.3 全栈可观测性测试 （来自：第6篇-第20章-技术与方法演进【专家】...'
REPLACED chapter\第6篇-第20章-技术与方法演进【专家】.md:20 -- '20.1.2 智能化测试深度融合...' -> '20.1.2 智能化测试深度融合 （来自：第6篇-第20章-技术与方法演进【专家...'
REPLACED chapter\第6篇-第20章-技术与方法演进【专家】.md:13 -- '20.1.1 测试方法论发展历程...' -> '20.1.1 测试方法论发展历程 （来自：第6篇-第20章-技术与方法演进【专家...'
REPLACED chapter\第6篇-第20章-技术与方法演进【专家】.md:11 -- '20.1 方法论演进...' -> '20.1 方法论演进 （来自：第6篇-第20章-技术与方法演进【专家】）...'
REPLACED chapter\第6篇-第21章-大数据测试人才与未来发展【专家】.md:155 -- '组织架构调整...' -> '组织架构调整 （来自：第6篇-第21章-大数据测试人才与未来发展【专家】）...'
REPLACED chapter\第6篇-第21章-大数据测试人才与未来发展【专家】.md:147 -- '知识管理机制...' -> '知识管理机制 （来自：第6篇-第21章-大数据测试人才与未来发展【专家】）...'
REPLACED chapter\第6篇-第21章-大数据测试人才与未来发展【专家】.md:132 -- '认证与学习路径...' -> '认证与学习路径 （来自：第6篇-第21章-大数据测试人才与未来发展【专家】）...'
REPLACED chapter\第6篇-第21章-大数据测试人才与未来发展【专家】.md:122 -- '技能提升计划...' -> '技能提升计划 （来自：第6篇-第21章-大数据测试人才与未来发展【专家】）...'
REPLACED chapter\第6篇-第21章-大数据测试人才与未来发展【专家】.md:107 -- '成功案例...' -> '成功案例 （来自：第6篇-第21章-大数据测试人才与未来发展【专家】）...'
REPLACED chapter\第6篇-第21章-大数据测试人才与未来发展【专家】.md:99 -- '转型准备阶段...' -> '转型准备阶段 （来自：第6篇-第21章-大数据测试人才与未来发展【专家】）...'
REPLACED chapter\第6篇-第21章-大数据测试人才与未来发展【专家】.md:97 -- '21.2.4 测试团队转型路径...' -> '21.2.4 测试团队转型路径 （来自：第6篇-第21章-大数据测试人才与未来发...'
REPLACED chapter\第6篇-第21章-大数据测试人才与未来发展【专家】.md:89 -- '21.2.3 团队管理实践...' -> '21.2.3 团队管理实践 （来自：第6篇-第21章-大数据测试人才与未来发展【...'
REPLACED chapter\第6篇-第21章-大数据测试人才与未来发展【专家】.md:80 -- '21.2.2 核心角色设置...' -> '21.2.2 核心角色设置 （来自：第6篇-第21章-大数据测试人才与未来发展【...'
REPLACED chapter\第6篇-第21章-大数据测试人才与未来发展【专家】.md:72 -- '21.2.1 团队组建原则...' -> '21.2.1 团队组建原则 （来自：第6篇-第21章-大数据测试人才与未来发展【...'
REPLACED chapter\第6篇-第21章-大数据测试人才与未来发展【专家】.md:70 -- '21.2 大数据测试团队建设...' -> '21.2 大数据测试团队建设 （来自：第6篇-第21章-大数据测试人才与未来发展...'
REPLACED chapter\第6篇-第21章-大数据测试人才与未来发展【专家】.md:60 -- '21.1.3 能力评估框架...' -> '21.1.3 能力评估框架 （来自：第6篇-第21章-大数据测试人才与未来发展【...'
REPLACED chapter\第6篇-第21章-大数据测试人才与未来发展【专家】.md:20 -- '21.1.2 核心能力模型...' -> '21.1.2 核心能力模型 （来自：第6篇-第21章-大数据测试人才与未来发展【...'
REPLACED chapter\第6篇-第21章-大数据测试人才与未来发展【专家】.md:13 -- '21.1.1 市场需求分析...' -> '21.1.1 市场需求分析 （来自：第6篇-第21章-大数据测试人才与未来发展【...'
REPLACED chapter\第6篇-第21章-大数据测试人才与未来发展【专家】.md:11 -- '21.1 大数据测试人才需求与能力模型...' -> '21.1 大数据测试人才需求与能力模型 （来自：第6篇-第21章-大数据测试人才...'
REPLACED chapter\第1篇-第3章-大数据测试环境搭建【入门】.md:569 -- '3.4.5 环境性能优化...' -> '3.4.5 环境性能优化 （来自：第1篇-第3章-大数据测试环境搭建【入门】）...'
REPLACED chapter\第1篇-第3章-大数据测试环境搭建【入门】.md:533 -- '3.4.4 环境监控与告警...' -> '3.4.4 环境监控与告警 （来自：第1篇-第3章-大数据测试环境搭建【入门】）...'
REPLACED chapter\第1篇-第3章-大数据测试环境搭建【入门】.md:505 -- '3.4.3 环境备份与恢复...' -> '3.4.3 环境备份与恢复 （来自：第1篇-第3章-大数据测试环境搭建【入门】）...'
REPLACED chapter\第1篇-第3章-大数据测试环境搭建【入门】.md:478 -- '3.4.2 环境变更管理...' -> '3.4.2 环境变更管理 （来自：第1篇-第3章-大数据测试环境搭建【入门】）...'
REPLACED chapter\第1篇-第3章-大数据测试环境搭建【入门】.md:451 -- '3.4.1 环境生命周期管理...' -> '3.4.1 环境生命周期管理 （来自：第1篇-第3章-大数据测试环境搭建【入门】...'
REPLACED chapter\第1篇-第3章-大数据测试环境搭建【入门】.md:447 -- '3.4 测试环境管理与维护策略...' -> '3.4 测试环境管理与维护策略 （来自：第1篇-第3章-大数据测试环境搭建【入门...'
REPLACED chapter\第1篇-第3章-大数据测试环境搭建【入门】.md:381 -- '3.3.5 自动化部署工具...' -> '3.3.5 自动化部署工具 （来自：第1篇-第3章-大数据测试环境搭建【入门】）...'
REPLACED chapter\第1篇-第3章-大数据测试环境搭建【入门】.md:354 -- '3.3.4 环境验证...' -> '3.3.4 环境验证 （来自：第1篇-第3章-大数据测试环境搭建【入门】）...'
REPLACED chapter\第1篇-第3章-大数据测试环境搭建【入门】.md:327 -- '3.3.3 配置文件管理...' -> '3.3.3 配置文件管理 （来自：第1篇-第3章-大数据测试环境搭建【入门】）...'
REPLACED chapter\第1篇-第3章-大数据测试环境搭建【入门】.md:308 -- '3.3.2 基础组件部署...' -> '3.3.2 基础组件部署 （来自：第1篇-第3章-大数据测试环境搭建【入门】）...'
REPLACED chapter\第1篇-第3章-大数据测试环境搭建【入门】.md:265 -- '3.3.2 基础组件部署...' -> '3.3.2 基础组件部署 （来自：第1篇-第3章-大数据测试环境搭建【入门】）...'
REPLACED chapter\第1篇-第3章-大数据测试环境搭建【入门】.md:242 -- '3.3.1 准备工作...' -> '3.3.1 准备工作 （来自：第1篇-第3章-大数据测试环境搭建【入门】）...'
REPLACED chapter\第1篇-第3章-大数据测试环境搭建【入门】.md:238 -- '3.3 测试环境搭建步骤与工具...' -> '3.3 测试环境搭建步骤与工具 （来自：第1篇-第3章-大数据测试环境搭建【入门...'
REPLACED chapter\第1篇-第3章-大数据测试环境搭建【入门】.md:214 -- '3.2.6 安全需求分析...' -> '3.2.6 安全需求分析 （来自：第1篇-第3章-大数据测试环境搭建【入门】）...'
REPLACED chapter\第1篇-第3章-大数据测试环境搭建【入门】.md:197 -- '3.2.5 网络需求分析...' -> '3.2.5 网络需求分析 （来自：第1篇-第3章-大数据测试环境搭建【入门】）...'
REPLACED chapter\第1篇-第3章-大数据测试环境搭建【入门】.md:169 -- '3.2.4 资源需求分析...' -> '3.2.4 资源需求分析 （来自：第1篇-第3章-大数据测试环境搭建【入门】）...'
REPLACED chapter\第1篇-第3章-大数据测试环境搭建【入门】.md:151 -- '3.2.3 测试数据需求分析...' -> '3.2.3 测试数据需求分析 （来自：第1篇-第3章-大数据测试环境搭建【入门】...'
REPLACED chapter\第1篇-第3章-大数据测试环境搭建【入门】.md:126 -- '3.2.2 技术栈选择需求分析...' -> '3.2.2 技术栈选择需求分析 （来自：第1篇-第3章-大数据测试环境搭建【入门...'
REPLACED chapter\第1篇-第3章-大数据测试环境搭建【入门】.md:105 -- '3.2.1 测试环境类型需求分析...' -> '3.2.1 测试环境类型需求分析 （来自：第1篇-第3章-大数据测试环境搭建【入...'
REPLACED chapter\第1篇-第3章-大数据测试环境搭建【入门】.md:101 -- '3.2 测试环境需求分析与规划...' -> '3.2 测试环境需求分析与规划 （来自：第1篇-第3章-大数据测试环境搭建【入门...'
REPLACED chapter\第1篇-第3章-大数据测试环境搭建【入门】.md:84 -- '3.1.5 云测试环境...' -> '3.1.5 云测试环境 （来自：第1篇-第3章-大数据测试环境搭建【入门】）...'
REPLACED chapter\第1篇-第3章-大数据测试环境搭建【入门】.md:68 -- '3.1.4 生产预发环境...' -> '3.1.4 生产预发环境 （来自：第1篇-第3章-大数据测试环境搭建【入门】）...'
REPLACED chapter\第1篇-第3章-大数据测试环境搭建【入门】.md:51 -- '3.1.3 性能测试环境...' -> '3.1.3 性能测试环境 （来自：第1篇-第3章-大数据测试环境搭建【入门】）...'
REPLACED chapter\第1篇-第3章-大数据测试环境搭建【入门】.md:35 -- '3.1.2 集成测试环境...' -> '3.1.2 集成测试环境 （来自：第1篇-第3章-大数据测试环境搭建【入门】）...'
REPLACED chapter\第1篇-第3章-大数据测试环境搭建【入门】.md:19 -- '3.1.1 开发测试环境...' -> '3.1.1 开发测试环境 （来自：第1篇-第3章-大数据测试环境搭建【入门】）...'
REPLACED chapter\第1篇-第3章-大数据测试环境搭建【入门】.md:15 -- '3.1 测试环境类型与特点...' -> '3.1 测试环境类型与特点 （来自：第1篇-第3章-大数据测试环境搭建【入门】）...'
REPLACED chapter\第1篇-第4章-大数据测试数据管理【入门】.md:312 -- '4.5 测试数据管理工具与平台...' -> '4.5 测试数据管理工具与平台 （来自：第1篇-第4章-大数据测试数据管理【入门...'
REPLACED chapter\第1篇-第4章-大数据测试数据管理【入门】.md:283 -- '4.4.5 测试数据安全管理最佳实践...' -> '4.4.5 测试数据安全管理最佳实践 （来自：第1篇-第4章-大数据测试数据管理...'
REPLACED chapter\第1篇-第4章-大数据测试数据管理【入门】.md:264 -- '4.4.4 测试数据安全存储策略...' -> '4.4.4 测试数据安全存储策略 （来自：第1篇-第4章-大数据测试数据管理【入...'
REPLACED chapter\第1篇-第4章-大数据测试数据管理【入门】.md:244 -- '4.4.3 测试数据访问控制策略...' -> '4.4.3 测试数据访问控制策略 （来自：第1篇-第4章-大数据测试数据管理【入...'
REPLACED chapter\第1篇-第4章-大数据测试数据管理【入门】.md:219 -- '4.4.2 测试数据脱敏技术...' -> '4.4.2 测试数据脱敏技术 （来自：第1篇-第4章-大数据测试数据管理【入门】...'
REPLACED chapter\第1篇-第4章-大数据测试数据管理【入门】.md:201 -- '4.4.1 测试数据安全风险分析...' -> '4.4.1 测试数据安全风险分析 （来自：第1篇-第4章-大数据测试数据管理【入...'
REPLACED chapter\第1篇-第4章-大数据测试数据管理【入门】.md:199 -- '4.4 测试数据安全与隐私保护...' -> '4.4 测试数据安全与隐私保护 （来自：第1篇-第4章-大数据测试数据管理【入门...'
REPLACED chapter\第1篇-第4章-大数据测试数据管理【入门】.md:181 -- '4.3.5 测试数据监控与优化策略...' -> '4.3.5 测试数据监控与优化策略 （来自：第1篇-第4章-大数据测试数据管理【...'
REPLACED chapter\第1篇-第4章-大数据测试数据管理【入门】.md:162 -- '4.3.4 测试数据共享与复用策略...' -> '4.3.4 测试数据共享与复用策略 （来自：第1篇-第4章-大数据测试数据管理【...'
REPLACED chapter\第1篇-第4章-大数据测试数据管理【入门】.md:141 -- '4.3.3 测试数据版本控制...' -> '4.3.3 测试数据版本控制 （来自：第1篇-第4章-大数据测试数据管理【入门】...'
REPLACED chapter\第1篇-第4章-大数据测试数据管理【入门】.md:131 -- '4.3.2 测试数据存储与组织...' -> '4.3.2 测试数据存储与组织 （来自：第1篇-第4章-大数据测试数据管理【入门...'
REPLACED chapter\第1篇-第4章-大数据测试数据管理【入门】.md:120 -- '4.3.1 测试数据生命周期管理...' -> '4.3.1 测试数据生命周期管理 （来自：第1篇-第4章-大数据测试数据管理【入...'
REPLACED chapter\第1篇-第4章-大数据测试数据管理【入门】.md:118 -- '4.3 测试数据管理策略...' -> '4.3 测试数据管理策略 （来自：第1篇-第4章-大数据测试数据管理【入门】）...'
REPLACED chapter\第1篇-第4章-大数据测试数据管理【入门】.md:106 -- '4.2.5 测试数据设计最佳实践...' -> '4.2.5 测试数据设计最佳实践 （来自：第1篇-第4章-大数据测试数据管理【入...'
REPLACED chapter\第1篇-第4章-大数据测试数据管理【入门】.md:87 -- '4.2.4 测试数据生成技术与工具...' -> '4.2.4 测试数据生成技术与工具 （来自：第1篇-第4章-大数据测试数据管理【...'
REPLACED chapter\第1篇-第4章-大数据测试数据管理【入门】.md:77 -- '4.2.3 测试数据生成策略...' -> '4.2.3 测试数据生成策略 （来自：第1篇-第4章-大数据测试数据管理【入门】...'
REPLACED chapter\第1篇-第4章-大数据测试数据管理【入门】.md:66 -- '4.2.2 测试数据设计方法...' -> '4.2.2 测试数据设计方法 （来自：第1篇-第4章-大数据测试数据管理【入门】...'
REPLACED chapter\第1篇-第4章-大数据测试数据管理【入门】.md:55 -- '4.2.1 测试数据设计原则...' -> '4.2.1 测试数据设计原则 （来自：第1篇-第4章-大数据测试数据管理【入门】...'
REPLACED chapter\第1篇-第4章-大数据测试数据管理【入门】.md:53 -- '4.2 测试数据设计与生成...' -> '4.2 测试数据设计与生成 （来自：第1篇-第4章-大数据测试数据管理【入门】）...'
REPLACED chapter\第1篇-第4章-大数据测试数据管理【入门】.md:43 -- '4.1.4 测试数据需求文档...' -> '4.1.4 测试数据需求文档 （来自：第1篇-第4章-大数据测试数据管理【入门】...'
REPLACED chapter\第1篇-第4章-大数据测试数据管理【入门】.md:33 -- '4.1.3 测试数据需求分析方法...' -> '4.1.3 测试数据需求分析方法 （来自：第1篇-第4章-大数据测试数据管理【入...'
REPLACED chapter\第1篇-第4章-大数据测试数据管理【入门】.md:23 -- '4.1.2 测试数据需求分析维度...' -> '4.1.2 测试数据需求分析维度 （来自：第1篇-第4章-大数据测试数据管理【入...'
REPLACED chapter\第1篇-第4章-大数据测试数据管理【入门】.md:13 -- '4.1.1 测试数据的重要性...' -> '4.1.1 测试数据的重要性 （来自：第1篇-第4章-大数据测试数据管理【入门】...'
REPLACED chapter\第1篇-第4章-大数据测试数据管理【入门】.md:11 -- '4.1 测试数据需求分析...' -> '4.1 测试数据需求分析 （来自：第1篇-第4章-大数据测试数据管理【入门】）...'